Component: ARM Compiler 5.06 update 6 (build 750) Tool: armlink [4d35ed]

==============================================================================

Section Cross References

    startup_stm32f103xb.o(STACK) refers (Special) to heapauxi.o(.text) for __use_two_region_memory
    startup_stm32f103xb.o(HEAP) refers (Special) to heapauxi.o(.text) for __use_two_region_memory
    startup_stm32f103xb.o(RESET) refers (Special) to heapauxi.o(.text) for __use_two_region_memory
    startup_stm32f103xb.o(RESET) refers to startup_stm32f103xb.o(STACK) for __initial_sp
    startup_stm32f103xb.o(RESET) refers to startup_stm32f103xb.o(.text) for Reset_Handler
    startup_stm32f103xb.o(RESET) refers to stm32f1xx_it.o(i.NMI_Handler) for NMI_Handler
    startup_stm32f103xb.o(RESET) refers to stm32f1xx_it.o(i.HardFault_Handler) for HardFault_Handler
    startup_stm32f103xb.o(RESET) refers to stm32f1xx_it.o(i.MemManage_Handler) for MemManage_Handler
    startup_stm32f103xb.o(RESET) refers to stm32f1xx_it.o(i.BusFault_Handler) for BusFault_Handler
    startup_stm32f103xb.o(RESET) refers to stm32f1xx_it.o(i.UsageFault_Handler) for UsageFault_Handler
    startup_stm32f103xb.o(RESET) refers to stm32f1xx_it.o(i.SVC_Handler) for SVC_Handler
    startup_stm32f103xb.o(RESET) refers to stm32f1xx_it.o(i.DebugMon_Handler) for DebugMon_Handler
    startup_stm32f103xb.o(RESET) refers to stm32f1xx_it.o(i.PendSV_Handler) for PendSV_Handler
    startup_stm32f103xb.o(RESET) refers to stm32f1xx_it.o(i.SysTick_Handler) for SysTick_Handler
    startup_stm32f103xb.o(RESET) refers to stm32f1xx_it.o(i.DMA1_Channel5_IRQHandler) for DMA1_Channel5_IRQHandler
    startup_stm32f103xb.o(RESET) refers to stm32f1xx_it.o(i.TIM1_BRK_IRQHandler) for TIM1_BRK_IRQHandler
    startup_stm32f103xb.o(RESET) refers to stm32f1xx_it.o(i.TIM1_UP_IRQHandler) for TIM1_UP_IRQHandler
    startup_stm32f103xb.o(RESET) refers to stm32f1xx_it.o(i.TIM1_TRG_COM_IRQHandler) for TIM1_TRG_COM_IRQHandler
    startup_stm32f103xb.o(RESET) refers to stm32f1xx_it.o(i.TIM1_CC_IRQHandler) for TIM1_CC_IRQHandler
    startup_stm32f103xb.o(RESET) refers to stm32f1xx_it.o(i.TIM2_IRQHandler) for TIM2_IRQHandler
    startup_stm32f103xb.o(RESET) refers to stm32f1xx_it.o(i.TIM3_IRQHandler) for TIM3_IRQHandler
    startup_stm32f103xb.o(RESET) refers to stm32f1xx_it.o(i.USART1_IRQHandler) for USART1_IRQHandler
    startup_stm32f103xb.o(.text) refers (Special) to heapauxi.o(.text) for __use_two_region_memory
    startup_stm32f103xb.o(.text) refers to system_stm32f1xx.o(i.SystemInit) for SystemInit
    startup_stm32f103xb.o(.text) refers to __main.o(!!!main) for __main
    startup_stm32f103xb.o(.text) refers to startup_stm32f103xb.o(HEAP) for Heap_Mem
    startup_stm32f103xb.o(.text) refers to startup_stm32f103xb.o(STACK) for Stack_Mem
    main.o(i.HAL_TIM_PeriodElapsedCallback) refers to fflt_clz.o(x$fpl$fflt) for __aeabi_i2f
    main.o(i.HAL_TIM_PeriodElapsedCallback) refers to y_kinematics.o(i.caculate) for caculate
    main.o(i.HAL_TIM_PeriodElapsedCallback) refers to servo.o(i.Servo_Set) for Servo_Set
    main.o(i.HAL_TIM_PeriodElapsedCallback) refers to tim.o(.bss) for htim3
    main.o(i.HAL_TIM_PeriodElapsedCallback) refers to variable_includes.o(.bss) for Position
    main.o(i.HAL_TIM_PeriodElapsedCallback) refers to variable_includes.o(.data) for z
    main.o(i.HAL_TIM_PeriodElapsedCallback) refers to variable_includes.o(.data) for PWM1
    main.o(i.HAL_TIM_PeriodElapsedCallback) refers to variable_includes.o(.data) for PWM2
    main.o(i.HAL_TIM_PeriodElapsedCallback) refers to variable_includes.o(.data) for PWM3
    main.o(i.HAL_TIM_PeriodElapsedCallback) refers to variable_includes.o(.data) for PWM4
    main.o(i.HAL_TIM_PeriodElapsedCallback) refers to variable_includes.o(.data) for PWM5
    main.o(i.HAL_UART_RxCpltCallback) refers to fflt_clz.o(x$fpl$ffltu) for __aeabi_ui2f
    main.o(i.HAL_UART_RxCpltCallback) refers to faddsub_clz.o(x$fpl$fsub) for __aeabi_fsub
    main.o(i.HAL_UART_RxCpltCallback) refers to fmul.o(x$fpl$fmul) for __aeabi_fmul
    main.o(i.HAL_UART_RxCpltCallback) refers to scalbnf.o(x$fpl$scalbnf) for __ARM_scalbnf
    main.o(i.HAL_UART_RxCpltCallback) refers to faddsub_clz.o(x$fpl$frsb) for __aeabi_frsub
    main.o(i.HAL_UART_RxCpltCallback) refers to faddsub_clz.o(x$fpl$fadd) for __aeabi_fadd
    main.o(i.HAL_UART_RxCpltCallback) refers to variable_includes.o(.data) for t
    main.o(i.HAL_UART_RxCpltCallback) refers to variable_includes.o(.bss) for rx_data
    main.o(i.HAL_UART_RxCpltCallback) refers to variable_includes.o(.data) for x
    main.o(i.HAL_UART_RxCpltCallback) refers to variable_includes.o(.data) for y
    main.o(i.HAL_UART_RxCpltCallback) refers to variable_includes.o(.data) for tt2
    main.o(i.HAL_UART_RxCpltCallback) refers to variable_includes.o(.data) for X1
    main.o(i.HAL_UART_RxCpltCallback) refers to variable_includes.o(.data) for Y1
    main.o(i.HAL_UART_RxCpltCallback) refers to variable_includes.o(.data) for X2
[...]
    .ARM.Collect$$libinit$$00000002          0x08000162   Section        0  libinit2.o(.ARM.Collect$$libinit$$00000002)
    .ARM.Collect$$libinit$$00000004          0x08000162   Section        0  libinit2.o(.ARM.Collect$$libinit$$00000004)
    .ARM.Collect$$libinit$$0000000A          0x08000162   Section        0  libinit2.o(.ARM.Collect$$libinit$$0000000A)
    .ARM.Collect$$libinit$$0000000C          0x08000162   Section        0  libinit2.o(.ARM.Collect$$libinit$$0000000C)
    .ARM.Collect$$libinit$$0000000E          0x08000162   Section        0  libinit2.o(.ARM.Collect$$libinit$$0000000E)
    .ARM.Collect$$libinit$$00000011          0x08000162   Section        0  libinit2.o(.ARM.Collect$$libinit$$00000011)
    .ARM.Collect$$libinit$$00000013          0x08000162   Section        0  libinit2.o(.ARM.Collect$$libinit$$00000013)
    .ARM.Collect$$libinit$$00000015          0x08000162   Section        0  libinit2.o(.ARM.Collect$$libinit$$00000015)
    .ARM.Collect$$libinit$$00000017          0x08000162   Section        0  libinit2.o(.ARM.Collect$$libinit$$00000017)
    .ARM.Collect$$libinit$$00000019          0x08000162   Section        0  libinit2.o(.ARM.Collect$$libinit$$00000019)
    .ARM.Collect$$libinit$$0000001B          0x08000162   Section        0  libinit2.o(.ARM.Collect$$libinit$$0000001B)
    .ARM.Collect$$libinit$$0000001D          0x08000162   Section        0  libinit2.o(.ARM.Collect$$libinit$$0000001D)
    .ARM.Collect$$libinit$$0000001F          0x08000162   Section        0  libinit2.o(.ARM.Collect$$libinit$$0000001F)
    .ARM.Collect$$libinit$$00000021          0x08000162   Section        0  libinit2.o(.ARM.Collect$$libinit$$00000021)
    .ARM.Collect$$libinit$$00000023          0x08000162   Section        0  libinit2.o(.ARM.Collect$$libinit$$00000023)
    .ARM.Collect$$libinit$$00000025          0x08000162   Section        0  libinit2.o(.ARM.Collect$$libinit$$00000025)
    .ARM.Collect$$libinit$$0000002C          0x08000162   Section        0  libinit2.o(.ARM.Collect$$libinit$$0000002C)
    .ARM.Collect$$libinit$$0000002E          0x08000162   Section        0  libinit2.o(.ARM.Collect$$libinit$$0000002E)
    .ARM.Collect$$libinit$$00000030          0x08000162   Section        0  libinit2.o(.ARM.Collect$$libinit$$00000030)
    .ARM.Collect$$libinit$$00000032          0x08000162   Section        0  libinit2.o(.ARM.Collect$$libinit$$00000032)
    .ARM.Collect$$libinit$$00000033          0x08000162   Section        2  libinit2.o(.ARM.Collect$$libinit$$00000033)
    .ARM.Collect$$libshutdown$$00000000      0x08000164   Section        2  libshutdown.o(.ARM.Collect$$libshutdown$$00000000)
    .ARM.Collect$$libshutdown$$00000002      0x08000166   Section        0  libshutdown2.o(.ARM.Collect$$libshutdown$$00000002)
    .ARM.Collect$$libshutdown$$00000004      0x08000166   Section        0  libshutdown2.o(.ARM.Collect$$libshutdown$$00000004)
    .ARM.Collect$$libshutdown$$00000007      0x08000166   Section        0  libshutdown2.o(.ARM.Collect$$libshutdown$$00000007)
    .ARM.Collect$$libshutdown$$0000000A      0x08000166   Section        0  libshutdown2.o(.ARM.Collect$$libshutdown$$0000000A)
    .ARM.Collect$$libshutdown$$0000000C      0x08000166   Section        0  libshutdown2.o(.ARM.Collect$$libshutdown$$0000000C)
    .ARM.Collect$$libshutdown$$0000000F      0x08000166   Section        0  libshutdown2.o(.ARM.Collect$$libshutdown$$0000000F)
    .ARM.Collect$$libshutdown$$00000010      0x08000166   Section        2  libshutdown2.o(.ARM.Collect$$libshutdown$$00000010)
    .ARM.Collect$$rtentry$$00000000          0x08000168   Section        0  __rtentry.o(.ARM.Collect$$rtentry$$00000000)
    .ARM.Collect$$rtentry$$00000002          0x08000168   Section        0  __rtentry2.o(.ARM.Collect$$rtentry$$00000002)
    .ARM.Collect$$rtentry$$00000004          0x08000168   Section        6  __rtentry4.o(.ARM.Collect$$rtentry$$00000004)
    .ARM.Collect$$rtentry$$00000009          0x0800016e   Section        0  __rtentry2.o(.ARM.Collect$$rtentry$$00000009)
    .ARM.Collect$$rtentry$$0000000A          0x0800016e   Section        4  __rtentry2.o(.ARM.Collect$$rtentry$$0000000A)
    .ARM.Collect$$rtentry$$0000000C          0x08000172   Section        0  __rtentry2.o(.ARM.Collect$$rtentry$$0000000C)
    .ARM.Collect$$rtentry$$0000000D          0x08000172   Section        8  __rtentry2.o(.ARM.Collect$$rtentry$$0000000D)
    .ARM.Collect$$rtexit$$00000000           0x0800017a   Section        2  rtexit.o(.ARM.Collect$$rtexit$$00000000)
    .ARM.Collect$$rtexit$$00000002           0x0800017c   Section        0  rtexit2.o(.ARM.Collect$$rtexit$$00000002)
    .ARM.Collect$$rtexit$$00000003           0x0800017c   Section        4  rtexit2.o(.ARM.Collect$$rtexit$$00000003)
    .ARM.Collect$$rtexit$$00000004           0x08000180   Section        6  rtexit2.o(.ARM.Collect$$rtexit$$00000004)
    .text                                    0x08000188   Section       64  startup_stm32f103xb.o(.text)
    .text                                    0x080001c8   Section       78  rt_memclr_w.o(.text)
    .text                                    0x08000216   Section        0  heapauxi.o(.text)
    .text                                    0x0800021c   Section        0  _rserrno.o(.text)
    .text                                    0x08000234   Section        8  rt_errno_addr_intlibspace.o(.text)
    .text                                    0x0800023c   Section        8  libspace.o(.text)
    .text                                    0x08000244   Section       74  sys_stackheap_outer.o(.text)
    .text                                    0x0800028e   Section        0  exit.o(.text)
    .text                                    0x080002a0   Section        0  sys_exit.o(.text)
    .text                                    0x080002ac   Section        2  use_no_semi.o(.text)
    .text                                    0x080002ae   Section        0  indicate_semi.o(.text)
    i.BusFault_Handler                       0x080002ae   Section        0  stm32f1xx_it.o(i.BusFault_Handler)
    i.DMA1_Channel5_IRQHandler               0x080002b0   Section        0  stm32f1xx_it.o(i.DMA1_Channel5_IRQHandler)
    i.DMA_SetConfig                          0x080002bc   Section        0  stm32f1xx_hal_dma.o(i.DMA_SetConfig)
    DMA_SetConfig                            0x080002bd   Thumb Code    44  stm32f1xx_hal_dma.o(i.DMA_SetConfig)
    i.DebugMon_Handler                       0x080002e8   Section        0  stm32f1xx_it.o(i.DebugMon_Handler)
    i.Error_Handler                          0x080002ea   Section        0  main.o(i.Error_Handler)
    i.HAL_DMA_Abort                          0x080002ee   Section        0  stm32f1xx_hal_dma.o(i.HAL_DMA_Abort)
    i.HAL_DMA_Abort_IT                       0x08000334   Section        0  stm32f1xx_hal_dma.o(i.HAL_DMA_Abort_IT)
    i.HAL_DMA_IRQHandler                     0x080003cc   Section        0  stm32f1xx_hal_dma.o(i.HAL_DMA_IRQHandler)
    i.HAL_DMA_Init                           0x08000534   Section        0  stm32f1xx_hal_dma.o(i.HAL_DMA_Init)
    i.HAL_DMA_Start_IT                       0x08000598   Section        0  stm32f1xx_hal_dma.o(i.HAL_DMA_Start_IT)
    i.HAL_Delay                              0x0800060c   Section        0  stm32f1xx_hal.o(i.HAL_Delay)
    i.HAL_GPIO_Init                          0x08000630   Section        0  stm32f1xx_hal_gpio.o(i.HAL_GPIO_Init)
    i.HAL_GetTick                            0x08000820   Section        0  stm32f1xx_hal.o(i.HAL_GetTick)
    i.HAL_IncTick                            0x0800082c   Section        0  stm32f1xx_hal.o(i.HAL_IncTick)
    i.HAL_Init                               0x0800083c   Section        0  stm32f1xx_hal.o(i.HAL_Init)
    i.HAL_InitTick                           0x08000860   Section        0  stm32f1xx_hal.o(i.HAL_InitTick)
    i.HAL_MspInit                            0x080008a4   Section        0  stm32f1xx_hal_msp.o(i.HAL_MspInit)
    i.HAL_NVIC_EnableIRQ                     0x080008e0   Section        0  stm32f1xx_hal_cortex.o(i.HAL_NVIC_EnableIRQ)
    i.HAL_NVIC_SetPriority                   0x080008fc   Section        0  stm32f1xx_hal_cortex.o(i.HAL_NVIC_SetPriority)
    i.HAL_NVIC_SetPriorityGrouping           0x0800093c   Section        0  stm32f1xx_hal_cortex.o(i.HAL_NVIC_SetPriorityGrouping)
    i.HAL_RCC_ClockConfig                    0x08000960   Section        0  stm32f1xx_hal_rcc.o(i.HAL_RCC_ClockConfig)
    i.HAL_RCC_GetHCLKFreq                    0x08000ab4   Section        0  stm32f1xx_hal_rcc.o(i.HAL_RCC_GetHCLKFreq)
    i.HAL_RCC_GetPCLK1Freq                   0x08000ac0   Section        0  stm32f1xx_hal_rcc.o(i.HAL_RCC_GetPCLK1Freq)
    i.HAL_RCC_GetPCLK2Freq                   0x08000ae0   Section        0  stm32f1xx_hal_rcc.o(i.HAL_RCC_GetPCLK2Freq)
    i.HAL_RCC_GetSysClockFreq                0x08000b00   Section        0  stm32f1xx_hal_rcc.o(i.HAL_RCC_GetSysClockFreq)
    i.HAL_RCC_OscConfig                      0x08000b4c   Section        0  stm32f1xx_hal_rcc.o(i.HAL_RCC_OscConfig)
    i.HAL_SYSTICK_Config                     0x08000ed0   Section        0  stm32f1xx_hal_cortex.o(i.HAL_SYSTICK_Config)
    i.HAL_TIMEx_BreakCallback                0x08000ef8   Section        0  stm32f1xx_hal_tim_ex.o(i.HAL_TIMEx_BreakCallback)
    i.HAL_TIMEx_CommutCallback               0x08000efa   Section        0  stm32f1xx_hal_tim_ex.o(i.HAL_TIMEx_CommutCallback)
    i.HAL_TIMEx_ConfigBreakDeadTime          0x08000efc   Section        0  stm32f1xx_hal_tim_ex.o(i.HAL_TIMEx_ConfigBreakDeadTime)
    i.HAL_TIMEx_MasterConfigSynchronization  0x08000f50   Section        0  stm32f1xx_hal_tim_ex.o(i.HAL_TIMEx_MasterConfigSynchronization)
    i.HAL_TIM_Base_Init                      0x08000fb8   Section        0  stm32f1xx_hal_tim.o(i.HAL_TIM_Base_Init)
    i.HAL_TIM_Base_MspInit                   0x08001004   Section        0  tim.o(i.HAL_TIM_Base_MspInit)
    i.HAL_TIM_Base_Start_IT                  0x08001040   Section        0  stm32f1xx_hal_tim.o(i.HAL_TIM_Base_Start_IT)
    i.HAL_TIM_ConfigClockSource              0x080010a4   Section        0  stm32f1xx_hal_tim.o(i.HAL_TIM_ConfigClockSource)
    i.HAL_TIM_IC_CaptureCallback             0x0800118c   Section        0  stm32f1xx_hal_tim.o(i.HAL_TIM_IC_CaptureCallback)
    i.HAL_TIM_IRQHandler                     0x0800118e   Section        0  stm32f1xx_hal_tim.o(i.HAL_TIM_IRQHandler)
    i.HAL_TIM_MspPostInit                    0x080012fc   Section        0  tim.o(i.HAL_TIM_MspPostInit)
    i.HAL_TIM_OC_DelayElapsedCallback        0x08001370   Section        0  stm32f1xx_hal_tim.o(i.HAL_TIM_OC_DelayElapsedCallback)
    i.HAL_TIM_PWM_ConfigChannel              0x08001372   Section        0  stm32f1xx_hal_tim.o(i.HAL_TIM_PWM_ConfigChannel)
    i.HAL_TIM_PWM_Init                       0x0800144a   Section        0  stm32f1xx_hal_tim.o(i.HAL_TIM_PWM_Init)
    i.HAL_TIM_PWM_MspInit                    0x08001494   Section        0  tim.o(i.HAL_TIM_PWM_MspInit)
    i.HAL_TIM_PWM_PulseFinishedCallback      0x08001528   Section        0  stm32f1xx_hal_tim.o(i.HAL_TIM_PWM_PulseFinishedCallback)
    i.HAL_TIM_PWM_Start                      0x0800152c   Section        0  stm32f1xx_hal_tim.o(i.HAL_TIM_PWM_Start)
    i.HAL_TIM_PeriodElapsedCallback          0x080015d8   Section        0  main.o(i.HAL_TIM_PeriodElapsedCallback)
    i.HAL_TIM_TriggerCallback                0x08001654   Section        0  stm32f1xx_hal_tim.o(i.HAL_TIM_TriggerCallback)
    i.HAL_UARTEx_RxEventCallback             0x08001656   Section        0  stm32f1xx_hal_uart.o(i.HAL_UARTEx_RxEventCallback)
    i.HAL_UART_ErrorCallback                 0x08001658   Section        0  stm32f1xx_hal_uart.o(i.HAL_UART_ErrorCallback)
    i.HAL_UART_IRQHandler                    0x0800165c   Section        0  stm32f1xx_hal_uart.o(i.HAL_UART_IRQHandler)
    i.HAL_UART_Init                          0x0800188c   Section        0  stm32f1xx_hal_uart.o(i.HAL_UART_Init)
    i.HAL_UART_MspInit                       0x080018f4   Section        0  usart.o(i.HAL_UART_MspInit)
    i.HAL_UART_Receive_DMA                   0x080019b8   Section        0  stm32f1xx_hal_uart.o(i.HAL_UART_Receive_DMA)
    i.HAL_UART_RxCpltCallback                0x080019d4   Section        0  main.o(i.HAL_UART_RxCpltCallback)
    i.HAL_UART_RxHalfCpltCallback            0x08001b80   Section        0  stm32f1xx_hal_uart.o(i.HAL_UART_RxHalfCpltCallback)
    i.HAL_UART_TxCpltCallback                0x08001b82   Section        0  stm32f1xx_hal_uart.o(i.HAL_UART_TxCpltCallback)
    i.HardFault_Handler                      0x08001b84   Section        0  stm32f1xx_it.o(i.HardFault_Handler)
    i.MX_DMA_Init                            0x08001b88   Section        0  dma.o(i.MX_DMA_Init)
    i.MX_GPIO_Init                           0x08001bb4   Section        0  gpio.o(i.MX_GPIO_Init)
    i.MX_TIM1_Init                           0x08001c00   Section        0  tim.o(i.MX_TIM1_Init)
    i.MX_TIM2_Init                           0x08001cd4   Section        0  tim.o(i.MX_TIM2_Init)
    i.MX_TIM3_Init                           0x08001d44   Section        0  tim.o(i.MX_TIM3_Init)
    i.MX_USART1_UART_Init                    0x08001dac   Section        0  usart.o(i.MX_USART1_UART_Init)
    i.MemManage_Handler                      0x08001de4   Section        0  stm32f1xx_it.o(i.MemManage_Handler)
    i.NMI_Handler                            0x08001de6   Section        0  stm32f1xx_it.o(i.NMI_Handler)
    i.PendSV_Handler                         0x08001de8   Section        0  stm32f1xx_it.o(i.PendSV_Handler)
    i.RCC_Delay                              0x08001dec   Section        0  stm32f1xx_hal_rcc.o(i.RCC_Delay)
    RCC_Delay                                0x08001ded   Thumb Code    30  stm32f1xx_hal_rcc.o(i.RCC_Delay)
    i.SVC_Handler                            0x08001e10   Section        0  stm32f1xx_it.o(i.SVC_Handler)
    i.Servo_Init                             0x08001e14   Section        0  servo.o(i.Servo_Init)
    i.Servo_Set                              0x08001e98   Section        0  servo.o(i.Servo_Set)
    i.SysTick_Handler                        0x08001edc   Section        0  stm32f1xx_it.o(i.SysTick_Handler)
    i.SystemClock_Config                     0x08001ee0   Section        0  main.o(i.SystemClock_Config)
    i.SystemInit                             0x08001f3e   Section        0  system_stm32f1xx.o(i.SystemInit)
    i.TIM1_BRK_IRQHandler                    0x08001f40   Section        0  stm32f1xx_it.o(i.TIM1_BRK_IRQHandler)
    i.TIM1_CC_IRQHandler                     0x08001f4c   Section        0  stm32f1xx_it.o(i.TIM1_CC_IRQHandler)
    i.TIM1_TRG_COM_IRQHandler                0x08001f58   Section        0  stm32f1xx_it.o(i.TIM1_TRG_COM_IRQHandler)
    i.TIM1_UP_IRQHandler                     0x08001f64   Section        0  stm32f1xx_it.o(i.TIM1_UP_IRQHandler)
    i.TIM2_IRQHandler                        0x08001f70   Section        0  stm32f1xx_it.o(i.TIM2_IRQHandler)
    i.TIM3_IRQHandler                        0x08001f7c   Section        0  stm32f1xx_it.o(i.TIM3_IRQHandler)
    i.TIM_Base_SetConfig                     0x08001f88   Section        0  stm32f1xx_hal_tim.o(i.TIM_Base_SetConfig)
    i.TIM_CCxChannelCmd                      0x08001ff4   Section        0  stm32f1xx_hal_tim.o(i.TIM_CCxChannelCmd)
    i.TIM_ETR_SetConfig                      0x0800200e   Section        0  stm32f1xx_hal_tim.o(i.TIM_ETR_SetConfig)
    i.TIM_ITRx_SetConfig                     0x08002022   Section        0  stm32f1xx_hal_tim.o(i.TIM_ITRx_SetConfig)
    TIM_ITRx_SetConfig                       0x08002023   Thumb Code    16  stm32f1xx_hal_tim.o(i.TIM_ITRx_SetConfig)
    i.TIM_OC1_SetConfig                      0x08002034   Section        0  stm32f1xx_hal_tim.o(i.TIM_OC1_SetConfig)
    TIM_OC1_SetConfig                        0x08002035   Thumb Code    90  stm32f1xx_hal_tim.o(i.TIM_OC1_SetConfig)
    i.TIM_OC2_SetConfig                      0x08002094   Section        0  stm32f1xx_hal_tim.o(i.TIM_OC2_SetConfig)
    i.TIM_OC3_SetConfig                      0x080020f8   Section        0  stm32f1xx_hal_tim.o(i.TIM_OC3_SetConfig)
    TIM_OC3_SetConfig                        0x080020f9   Thumb Code    92  stm32f1xx_hal_tim.o(i.TIM_OC3_SetConfig)
    i.TIM_OC4_SetConfig                      0x08002158   Section        0  stm32f1xx_hal_tim.o(i.TIM_OC4_SetConfig)
    TIM_OC4_SetConfig                        0x08002159   Thumb Code    68  stm32f1xx_hal_tim.o(i.TIM_OC4_SetConfig)
    i.TIM_TI1_ConfigInputStage               0x080021a0   Section        0  stm32f1xx_hal_tim.o(i.TIM_TI1_ConfigInputStage)
    TIM_TI1_ConfigInputStage                 0x080021a1   Thumb Code    34  stm32f1xx_hal_tim.o(i.TIM_TI1_ConfigInputStage)
    i.TIM_TI2_ConfigInputStage               0x080021c2   Section        0  stm32f1xx_hal_tim.o(i.TIM_TI2_ConfigInputStage)
    TIM_TI2_ConfigInputStage                 0x080021c3   Thumb Code    36  stm32f1xx_hal_tim.o(i.TIM_TI2_ConfigInputStage)
    i.UART_DMAAbortOnError                   0x080021e6   Section        0  stm32f1xx_hal_uart.o(i.UART_DMAAbortOnError)
    UART_DMAAbortOnError                     0x080021e7   Thumb Code    16  stm32f1xx_hal_uart.o(i.UART_DMAAbortOnError)
    i.UART_DMAError                          0x080021f6   Section        0  stm32f1xx_hal_uart.o(i.UART_DMAError)
    UART_DMAError                            0x080021f7   Thumb Code    74  stm32f1xx_hal_uart.o(i.UART_DMAError)
    i.UART_DMAReceiveCplt                    0x08002240   Section        0  stm32f1xx_hal_uart.o(i.UART_DMAReceiveCplt)
    UART_DMAReceiveCplt                      0x08002241   Thumb Code   134  stm32f1xx_hal_uart.o(i.UART_DMAReceiveCplt)
    i.UART_DMARxHalfCplt                     0x080022c6   Section        0  stm32f1xx_hal_uart.o(i.UART_DMARxHalfCplt)
    UART_DMARxHalfCplt                       0x080022c7   Thumb Code    30  stm32f1xx_hal_uart.o(i.UART_DMARxHalfCplt)
    i.UART_EndRxTransfer                     0x080022e4   Section        0  stm32f1xx_hal_uart.o(i.UART_EndRxTransfer)
    UART_EndRxTransfer                       0x080022e5   Thumb Code    78  stm32f1xx_hal_uart.o(i.UART_EndRxTransfer)
    i.UART_EndTransmit_IT                    0x08002332   Section        0  stm32f1xx_hal_uart.o(i.UART_EndTransmit_IT)
    UART_EndTransmit_IT                      0x08002333   Thumb Code    26  stm32f1xx_hal_uart.o(i.UART_EndTransmit_IT)
    i.UART_EndTxTransfer                     0x0800234c   Section        0  stm32f1xx_hal_uart.o(i.UART_EndTxTransfer)
    UART_EndTxTransfer                       0x0800234d   Thumb Code    28  stm32f1xx_hal_uart.o(i.UART_EndTxTransfer)
    i.UART_Receive_IT                        0x08002368   Section        0  stm32f1xx_hal_uart.o(i.UART_Receive_IT)
    UART_Receive_IT                          0x08002369   Thumb Code   200  stm32f1xx_hal_uart.o(i.UART_Receive_IT)
    i.UART_SetConfig                         0x08002430   Section        0  stm32f1xx_hal_uart.o(i.UART_SetConfig)
    UART_SetConfig                           0x08002431   Thumb Code   178  stm32f1xx_hal_uart.o(i.UART_SetConfig)
    i.UART_Start_Receive_DMA                 0x080024e8   Section        0  stm32f1xx_hal_uart.o(i.UART_Start_Receive_DMA)
    i.UART_Transmit_IT                       0x0800257c   Section        0  stm32f1xx_hal_uart.o(i.UART_Transmit_IT)
    UART_Transmit_IT                         0x0800257d   Thumb Code    94  stm32f1xx_hal_uart.o(i.UART_Transmit_IT)
    i.USART1_IRQHandler                      0x080025dc   Section        0  stm32f1xx_it.o(i.USART1_IRQHandler)
    i.UsageFault_Handler                     0x080025e8   Section        0  stm32f1xx_it.o(i.UsageFault_Handler)
    i.__ARM_fpclassifyf                      0x080025ea   Section        0  fpclassifyf.o(i.__ARM_fpclassifyf)
    i.__NVIC_SetPriority                     0x08002610   Section        0  stm32f1xx_hal_cortex.o(i.__NVIC_SetPriority)
    __NVIC_SetPriority                       0x08002611   Thumb Code    32  stm32f1xx_hal_cortex.o(i.__NVIC_SetPriority)
    i.__mathlib_flt_infnan                   0x08002630   Section        0  funder.o(i.__mathlib_flt_infnan)
    i.__mathlib_flt_invalid                  0x08002636   Section        0  funder.o(i.__mathlib_flt_invalid)
    i.__mathlib_flt_underflow                0x0800263e   Section        0  funder.o(i.__mathlib_flt_underflow)
    i.acosf                                  0x08002648   Section        0  acosf.o(i.acosf)
    i.atanf                                  0x08002764   Section        0  atanf.o(i.atanf)
    i.caculate                               0x080028e0   Section        0  y_kinematics.o(i.caculate)
    i.main                                   0x08002c78   Section        0  main.o(i.main)
    i.setup_kinematics                       0x08002e08   Section        0  y_kinematics.o(i.setup_kinematics)
    i.sqrt                                   0x08002e18   Section        0  sqrt.o(i.sqrt)
    i.sqrtf                                  0x08002e64   Section        0  sqrtf.o(i.sqrtf)
    x$fpl$d2f                                0x08002e90   Section       98  d2f.o(x$fpl$d2f)
    x$fpl$dadd                               0x08002ef4   Section      336  daddsub_clz.o(x$fpl$dadd)
    _dadd1                                   0x08002f05   Thumb Code     0  daddsub_clz.o(x$fpl$dadd)
    x$fpl$dfix                               0x08003044   Section       94  dfix.o(x$fpl$dfix)
    x$fpl$dmul                               0x080030a4   Section      340  dmul.o(x$fpl$dmul)
    x$fpl$dnaninf                            0x080031f8   Section      156  dnaninf.o(x$fpl$dnaninf)
    x$fpl$dretinf                            0x08003294   Section       12  dretinf.o(x$fpl$dretinf)
    x$fpl$drsb                               0x080032a0   Section       22  daddsub_clz.o(x$fpl$drsb)
    x$fpl$dsqrt                              0x080032b8   Section      460  dsqrt_noumaal.o(x$fpl$dsqrt)
    x$fpl$dsub                               0x08003484   Section      468  daddsub_clz.o(x$fpl$dsub)
    _dsub1                                   0x08003495   Thumb Code     0  daddsub_clz.o(x$fpl$dsub)
    x$fpl$f2d                                0x08003658   Section       86  f2d.o(x$fpl$f2d)
    x$fpl$fadd                               0x080036b0   Section      196  faddsub_clz.o(x$fpl$fadd)
    _fadd1                                   0x080036bf   Thumb Code     0  faddsub_clz.o(x$fpl$fadd)
    x$fpl$fcheck1                            0x08003774   Section       12  fcheck1.o(x$fpl$fcheck1)
    x$fpl$fdiv                               0x08003780   Section      388  fdiv.o(x$fpl$fdiv)
    _fdiv1                                   0x08003781   Thumb Code     0  fdiv.o(x$fpl$fdiv)
    x$fpl$ffix                               0x08003904   Section       54  ffix.o(x$fpl$ffix)
    x$fpl$fflt                               0x0800393c   Section       48  fflt_clz.o(x$fpl$fflt)
    x$fpl$ffltu                              0x0800396c   Section       38  fflt_clz.o(x$fpl$ffltu)
    x$fpl$fmul                               0x08003994   Section      258  fmul.o(x$fpl$fmul)
    x$fpl$fnaninf                            0x08003a96   Section      140  fnaninf.o(x$fpl$fnaninf)
    x$fpl$fretinf                            0x08003b22   Section       10  fretinf.o(x$fpl$fretinf)
    x$fpl$frsb                               0x08003b2c   Section       20  faddsub_clz.o(x$fpl$frsb)
    x$fpl$fsqrt                              0x08003b40   Section      272  fsqrt.o(x$fpl$fsqrt)
    x$fpl$fsub                               0x08003c50   Section      234  faddsub_clz.o(x$fpl$fsub)
    _fsub1                                   0x08003c5f   Thumb Code     0  faddsub_clz.o(x$fpl$fsub)
    x$fpl$retnan                             0x08003d3a   Section      100  retnan.o(x$fpl$retnan)
    x$fpl$scalbnf                            0x08003d9e   Section       76  scalbnf.o(x$fpl$scalbnf)
    x$fpl$trapveneer                         0x08003dea   Section       48  trapv.o(x$fpl$trapveneer)
    .constdata                               0x08003e1a   Section       18  stm32f1xx_hal_rcc.o(.constdata)
    x$fpl$usenofp                            0x08003e1a   Section        0  usenofp.o(x$fpl$usenofp)
    aPredivFactorTable                       0x08003e1a   Data           2  stm32f1xx_hal_rcc.o(.constdata)
    aPLLMULFactorTable                       0x08003e1c   Data          16  stm32f1xx_hal_rcc.o(.constdata)
    .constdata                               0x08003e2c   Section       16  system_stm32f1xx.o(.constdata)
    .constdata                               0x08003e3c   Section        8  system_stm32f1xx.o(.constdata)
    .data                                    0x20000000   Section       12  stm32f1xx_hal.o(.data)
    .data                                    0x2000000c   Section        4  system_stm32f1xx.o(.data)
    .data                                    0x20000010   Section        4  variable_includes.o(.data)
    .data                                    0x20000014   Section        4  variable_includes.o(.data)
    .data                                    0x20000018   Section        4  variable_includes.o(.data)
    .data                                    0x2000001c   Section        1  variable_includes.o(.data)
    .data                                    0x2000001d   Section        1  variable_includes.o(.data)
    .data                                    0x20000020   Section        4  variable_includes.o(.data)
    .data                                    0x20000024   Section        4  variable_includes.o(.data)
    .data                                    0x20000028   Section        4  variable_includes.o(.data)
    .data                                    0x2000002c   Section        4  variable_includes.o(.data)
    .data                                    0x20000030   Section        4  variable_includes.o(.data)
    .data                                    0x20000034   Section        4  variable_includes.o(.data)
    .data                                    0x20000038   Section        4  variable_includes.o(.data)
    .data                                    0x2000003c   Section        4  variable_includes.o(.data)
    .data                                    0x20000040   Section        4  variable_includes.o(.data)
    .data                                    0x20000044   Section        4  variable_includes.o(.data)
    .data                                    0x20000048   Section        1  variable_includes.o(.data)
    .bss                                     0x2000004c   Section      216  tim.o(.bss)
    .bss                                     0x20000124   Section      140  usart.o(.bss)
    .bss                                     0x200001b0   Section       12  variable_includes.o(.bss)
    .bss                                     0x200001bc   Section       10  variable_includes.o(.bss)
    .bss                                     0x200001c8   Section       60  variable_includes.o(.bss)
    .bss                                     0x20000204   Section       96  libspace.o(.bss)
    HEAP                                     0x20000268   Section      512  startup_stm32f103xb.o(HEAP)
    Heap_Mem                                 0x20000268   Data         512  startup_stm32f103xb.o(HEAP)
    STACK                                    0x20000468   Section     1024  startup_stm32f103xb.o(STACK)
    Stack_Mem                                0x20000468   Data        1024  startup_stm32f103xb.o(STACK)
    __initial_sp                             0x20000868   Data           0  startup_stm32f103xb.o(STACK)

    Global Symbols

    Symbol Name                              Value     Ov Type        Size  Object(Section)

    BuildAttributes$$THM_ISAv4$P$D$K$B$S$PE$A:L22UL41UL21$X:L11$S22US41US21$IEEE1$IW$USESV6$~STKCKD$USESV7$~SHL$OTIME$ROPI$IEEEX$EBA8$UX$STANDARDLIB$REQ8$PRES8$EABIv2 0x00000000   Number         0  anon$$obj.o ABSOLUTE
    __ARM_use_no_argv                        0x00000000   Number         0  main.o ABSOLUTE
    __ARM_exceptions_init                     - Undefined Weak Reference
    __alloca_initialize                       - Undefined Weak Reference
    __arm_preinit_                            - Undefined Weak Reference
    __cpp_initialize__aeabi_                  - Undefined Weak Reference
    __cxa_finalize                            - Undefined Weak Reference
    __rt_locale                               - Undefined Weak Reference
    __sigvec_lookup                           - Undefined Weak Reference
    _atexit_init                              - Undefined Weak Reference
    _call_atexit_fns                          - Undefined Weak Reference
    _clock_init                               - Undefined Weak Reference
    _fp_trap_init                             - Undefined Weak Reference
    _fp_trap_shutdown                         - Undefined Weak Reference
    _get_lc_collate                           - Undefined Weak Reference
    _get_lc_ctype                             - Undefined Weak Reference
    _get_lc_monetary                          - Undefined Weak Reference
    _get_lc_numeric                           - Undefined Weak Reference
    _get_lc_time                              - Undefined Weak Reference
    _getenv_init                              - Undefined Weak Reference
    _handle_redirection                       - Undefined Weak Reference
    _init_alloc                               - Undefined Weak Reference
    _init_user_alloc                          - Undefined Weak Reference
    _initio                                   - Undefined Weak Reference
    _rand_init                                - Undefined Weak Reference
    _signal_finish                            - Undefined Weak Reference
    _signal_init                              - Undefined Weak Reference
    _terminate_alloc                          - Undefined Weak Reference
    _terminate_user_alloc                     - Undefined Weak Reference
    _terminateio                              - Undefined Weak Reference
    __Vectors_Size                           0x000000ec   Number         0  startup_stm32f103xb.o ABSOLUTE
    __Vectors                                0x08000000   Data           4  startup_stm32f103xb.o(RESET)
    __Vectors_End                            0x080000ec   Data           0  startup_stm32f103xb.o(RESET)
    __main                                   0x080000ed   Thumb Code     8  __main.o(!!!main)
    __scatterload                            0x080000f5   Thumb Code     0  __scatter.o(!!!scatter)
    __scatterload_rt2                        0x080000f5   Thumb Code    44  __scatter.o(!!!scatter)
    __scatterload_rt2_thumb_only             0x080000f5   Thumb Code     0  __scatter.o(!!!scatter)
    __scatterload_null                       0x08000103   Thumb Code     0  __scatter.o(!!!scatter)
    __scatterload_copy                       0x08000129   Thumb Code    26  __scatter_copy.o(!!handler_copy)
    __scatterload_zeroinit                   0x08000145   Thumb Code    28  __scatter_zi.o(!!handler_zi)
    __rt_lib_init                            0x08000161   Thumb Code     0  libinit.o(.ARM.Collect$$libinit$$00000000)
    __rt_lib_init_alloca_1                   0x08000163   Thumb Code     0  libinit2.o(.ARM.Collect$$libinit$$0000002E)
    __rt_lib_init_argv_1                     0x08000163   Thumb Code     0  libinit2.o(.ARM.Collect$$libinit$$0000002C)
    __rt_lib_init_atexit_1                   0x08000163   Thumb Code     0  libinit2.o(.ARM.Collect$$libinit$$0000001B)
    __rt_lib_init_clock_1                    0x08000163   Thumb Code     0  libinit2.o(.ARM.Collect$$libinit$$00000021)
    __rt_lib_init_cpp_1                      0x08000163   Thumb Code     0  libinit2.o(.ARM.Collect$$libinit$$00000032)
    __rt_lib_init_exceptions_1               0x08000163   Thumb Code     0  libinit2.o(.ARM.Collect$$libinit$$00000030)
    __rt_lib_init_fp_1                       0x08000163   Thumb Code     0  libinit2.o(.ARM.Collect$$libinit$$00000002)
    __rt_lib_init_fp_trap_1                  0x08000163   Thumb Code     0  libinit2.o(.ARM.Collect$$libinit$$0000001F)
    __rt_lib_init_getenv_1                   0x08000163   Thumb Code     0  libinit2.o(.ARM.Collect$$libinit$$00000023)
    __rt_lib_init_heap_1                     0x08000163   Thumb Code     0  libinit2.o(.ARM.Collect$$libinit$$0000000A)
    __rt_lib_init_lc_collate_1               0x08000163   Thumb Code     0  libinit2.o(.ARM.Collect$$libinit$$00000011)
    __rt_lib_init_lc_ctype_1                 0x08000163   Thumb Code     0  libinit2.o(.ARM.Collect$$libinit$$00000013)
    __rt_lib_init_lc_monetary_1              0x08000163   Thumb Code     0  libinit2.o(.ARM.Collect$$libinit$$00000015)
    __rt_lib_init_lc_numeric_1               0x08000163   Thumb Code     0  libinit2.o(.ARM.Collect$$libinit$$00000017)
    __rt_lib_init_lc_time_1                  0x08000163   Thumb Code     0  libinit2.o(.ARM.Collect$$libinit$$00000019)
    __rt_lib_init_preinit_1                  0x08000163   Thumb Code     0  libinit2.o(.ARM.Collect$$libinit$$00000004)
    __rt_lib_init_rand_1                     0x08000163   Thumb Code     0  libinit2.o(.ARM.Collect$$libinit$$0000000E)
    __rt_lib_init_return                     0x08000163   Thumb Code     0  libinit2.o(.ARM.Collect$$libinit$$00000033)
    __rt_lib_init_signal_1                   0x08000163   Thumb Code     0  libinit2.o(.ARM.Collect$$libinit$$0000001D)
    __rt_lib_init_stdio_1                    0x08000163   Thumb Code     0  libinit2.o(.ARM.Collect$$libinit$$00000025)
    __rt_lib_init_user_alloc_1               0x08000163   Thumb Code     0  libinit2.o(.ARM.Collect$$libinit$$0000000C)
    __rt_lib_shutdown                        0x08000165   Thumb Code     0  libshutdown.o(.ARM.Collect$$libshutdown$$00000000)
    __rt_lib_shutdown_cpp_1                  0x08000167   Thumb Code     0  libshutdown2.o(.ARM.Collect$$libshutdown$$00000002)
    __rt_lib_shutdown_fp_trap_1              0x08000167   Thumb Code     0  libshutdown2.o(.ARM.Collect$$libshutdown$$00000007)
    __rt_lib_shutdown_heap_1                 0x08000167   Thumb Code     0  libshutdown2.o(.ARM.Collect$$libshutdown$$0000000F)
    __rt_lib_shutdown_return                 0x08000167   Thumb Code     0  libshutdown2.o(.ARM.Collect$$libshutdown$$00000010)
    __rt_lib_shutdown_signal_1               0x08000167   Thumb Code     0  libshutdown2.o(.ARM.Collect$$libshutdown$$0000000A)
    __rt_lib_shutdown_stdio_1                0x08000167   Thumb Code     0  libshutdown2.o(.ARM.Collect$$libshutdown$$00000004)
    __rt_lib_shutdown_user_alloc_1           0x08000167   Thumb Code     0  libshutdown2.o(.ARM.Collect$$libshutdown$$0000000C)
    __rt_entry                               0x08000169   Thumb Code     0  __rtentry.o(.ARM.Collect$$rtentry$$00000000)
    __rt_entry_presh_1                       0x08000169   Thumb Code     0  __rtentry2.o(.ARM.Collect$$rtentry$$00000002)
    __rt_entry_sh                            0x08000169   Thumb Code     0  __rtentry4.o(.ARM.Collect$$rtentry$$00000004)
    __rt_entry_li                            0x0800016f   Thumb Code     0  __rtentry2.o(.ARM.Collect$$rtentry$$0000000A)
    __rt_entry_postsh_1                      0x0800016f   Thumb Code     0  __rtentry2.o(.ARM.Collect$$rtentry$$00000009)
    __rt_entry_main                          0x08000173   Thumb Code     0  __rtentry2.o(.ARM.Collect$$rtentry$$0000000D)
    __rt_entry_postli_1                      0x08000173   Thumb Code     0  __rtentry2.o(.ARM.Collect$$rtentry$$0000000C)
    __rt_exit                                0x0800017b   Thumb Code     0  rtexit.o(.ARM.Collect$$rtexit$$00000000)
    __rt_exit_ls                             0x0800017d   Thumb Code     0  rtexit2.o(.ARM.Collect$$rtexit$$00000003)
    __rt_exit_prels_1                        0x0800017d   Thumb Code     0  rtexit2.o(.ARM.Collect$$rtexit$$00000002)
    __rt_exit_exit                           0x08000181   Thumb Code     0  rtexit2.o(.ARM.Collect$$rtexit$$00000004)
    Reset_Handler                            0x08000189   Thumb Code     8  startup_stm32f103xb.o(.text)
    ADC1_2_IRQHandler                        0x080001a3   Thumb Code     0  startup_stm32f103xb.o(.text)
    CAN1_RX1_IRQHandler                      0x080001a3   Thumb Code     0  startup_stm32f103xb.o(.text)
    CAN1_SCE_IRQHandler                      0x080001a3   Thumb Code     0  startup_stm32f103xb.o(.text)
    DMA1_Channel1_IRQHandler                 0x080001a3   Thumb Code     0  startup_stm32f103xb.o(.text)
    DMA1_Channel2_IRQHandler                 0x080001a3   Thumb Code     0  startup_stm32f103xb.o(.text)
    DMA1_Channel3_IRQHandler                 0x080001a3   Thumb Code     0  startup_stm32f103xb.o(.text)
    DMA1_Channel4_IRQHandler                 0x080001a3   Thumb Code     0  startup_stm32f103xb.o(.text)
    DMA1_Channel6_IRQHandler                 0x080001a3   Thumb Code     0  startup_stm32f103xb.o(.text)
    DMA1_Channel7_IRQHandler                 0x080001a3   Thumb Code     0  startup_stm32f103xb.o(.text)
    EXTI0_IRQHandler                         0x080001a3   Thumb Code     0  startup_stm32f103xb.o(.text)
    EXTI15_10_IRQHandler                     0x080001a3   Thumb Code     0  startup_stm32f103xb.o(.text)
    EXTI1_IRQHandler                         0x080001a3   Thumb Code     0  startup_stm32f103xb.o(.text)
    EXTI2_IRQHandler                         0x080001a3   Thumb Code     0  startup_stm32f103xb.o(.text)
    EXTI3_IRQHandler                         0x080001a3   Thumb Code     0  startup_stm32f103xb.o(.text)
    EXTI4_IRQHandler                         0x080001a3   Thumb Code     0  startup_stm32f103xb.o(.text)
    EXTI9_5_IRQHandler                       0x080001a3   Thumb Code     0  startup_stm32f103xb.o(.text)
    FLASH_IRQHandler                         0x080001a3   Thumb Code     0  startup_stm32f103xb.o(.text)
    I2C1_ER_IRQHandler                       0x080001a3   Thumb Code     0  startup_stm32f103xb.o(.text)
    I2C1_EV_IRQHandler                       0x080001a3   Thumb Code     0  startup_stm32f103xb.o(.text)
    I2C2_ER_IRQHandler                       0x080001a3   Thumb Code     0  startup_stm32f103xb.o(.text)
    I2C2_EV_IRQHandler                       0x080001a3   Thumb Code     0  startup_stm32f103xb.o(.text)
    PVD_IRQHandler                           0x080001a3   Thumb Code     0  startup_stm32f103xb.o(.text)
    RCC_IRQHandler                           0x080001a3   Thumb Code     0  startup_stm32f103xb.o(.text)
    RTC_Alarm_IRQHandler                     0x080001a3   Thumb Code     0  startup_stm32f103xb.o(.text)
    RTC_IRQHandler                           0x080001a3   Thumb Code     0  startup_stm32f103xb.o(.text)
    SPI1_IRQHandler                          0x080001a3   Thumb Code     0  startup_stm32f103xb.o(.text)
    SPI2_IRQHandler                          0x080001a3   Thumb Code     0  startup_stm32f103xb.o(.text)
    TAMPER_IRQHandler                        0x080001a3   Thumb Code     0  startup_stm32f103xb.o(.text)
    TIM4_IRQHandler                          0x080001a3   Thumb Code     0  startup_stm32f103xb.o(.text)
    USART2_IRQHandler                        0x080001a3   Thumb Code     0  startup_stm32f103xb.o(.text)
    USART3_IRQHandler                        0x080001a3   Thumb Code     0  startup_stm32f103xb.o(.text)
    USBWakeUp_IRQHandler                     0x080001a3   Thumb Code     0  startup_stm32f103xb.o(.text)
    USB_HP_CAN1_TX_IRQHandler                0x080001a3   Thumb Code     0  startup_stm32f103xb.o(.text)
    USB_LP_CAN1_RX0_IRQHandler               0x080001a3   Thumb Code     0  startup_stm32f103xb.o(.text)
    WWDG_IRQHandler                          0x080001a3   Thumb Code     0  startup_stm32f103xb.o(.text)
    __user_initial_stackheap                 0x080001a5   Thumb Code     0  startup_stm32f103xb.o(.text)
    __aeabi_memclr4                          0x080001c9   Thumb Code     0  rt_memclr_w.o(.text)
    __aeabi_memclr8                          0x080001c9   Thumb Code     0  rt_memclr_w.o(.text)
    __rt_memclr_w                            0x080001c9   Thumb Code    78  rt_memclr_w.o(.text)
    _memset_w                                0x080001cd   Thumb Code     0  rt_memclr_w.o(.text)
    __use_two_region_memory                  0x08000217   Thumb Code     2  heapauxi.o(.text)
    __rt_heap_escrow$2region                 0x08000219   Thumb Code     2  heapauxi.o(.text)
    __rt_heap_expand$2region                 0x0800021b   Thumb Code     2  heapauxi.o(.text)
    __read_errno                             0x0800021d   Thumb Code    10  _rserrno.o(.text)
    __set_errno                              0x08000227   Thumb Code    12  _rserrno.o(.text)
    __aeabi_errno_addr                       0x08000235   Thumb Code     8  rt_errno_addr_intlibspace.o(.text)
    __errno$intlibspace                      0x08000235   Thumb Code     0  rt_errno_addr_intlibspace.o(.text)
    __rt_errno_addr$intlibspace              0x08000235   Thumb Code     0  rt_errno_addr_intlibspace.o(.text)
    __user_libspace                          0x0800023d   Thumb Code     8  libspace.o(.text)
    __user_perproc_libspace                  0x0800023d   Thumb Code     0  libspace.o(.text)
    __user_perthread_libspace                0x0800023d   Thumb Code     0  libspace.o(.text)
    __user_setup_stackheap                   0x08000245   Thumb Code    74  sys_stackheap_outer.o(.text)
    exit                                     0x0800028f   Thumb Code    18  exit.o(.text)
    _sys_exit                                0x080002a1   Thumb Code     8  sys_exit.o(.text)
    __I$use$semihosting                      0x080002ad   Thumb Code     0  use_no_semi.o(.text)
    __use_no_semihosting_swi                 0x080002ad   Thumb Code     2  use_no_semi.o(.text)
    BusFault_Handler                         0x080002af   Thumb Code     2  stm32f1xx_it.o(i.BusFault_Handler)
    __semihosting_library_function           0x080002af   Thumb Code     0  indicate_semi.o(.text)
    DMA1_Channel5_IRQHandler                 0x080002b1   Thumb Code     6  stm32f1xx_it.o(i.DMA1_Channel5_IRQHandler)
    DebugMon_Handler                         0x080002e9   Thumb Code     2  stm32f1xx_it.o(i.DebugMon_Handler)
    Error_Handler                            0x080002eb   Thumb Code     4  main.o(i.Error_Handler)
    HAL_DMA_Abort                            0x080002ef   Thumb Code    70  stm32f1xx_hal_dma.o(i.HAL_DMA_Abort)
    HAL_DMA_Abort_IT                         0x08000335   Thumb Code   148  stm32f1xx_hal_dma.o(i.HAL_DMA_Abort_IT)
    HAL_DMA_IRQHandler                       0x080003cd   Thumb Code   336  stm32f1xx_hal_dma.o(i.HAL_DMA_IRQHandler)
    HAL_DMA_Init                             0x08000535   Thumb Code    90  stm32f1xx_hal_dma.o(i.HAL_DMA_Init)
    HAL_DMA_Start_IT                         0x08000599   Thumb Code   116  stm32f1xx_hal_dma.o(i.HAL_DMA_Start_IT)
    HAL_Delay                                0x0800060d   Thumb Code    32  stm32f1xx_hal.o(i.HAL_Delay)
    HAL_GPIO_Init                            0x08000631   Thumb Code   464  stm32f1xx_hal_gpio.o(i.HAL_GPIO_Init)
    HAL_GetTick                              0x08000821   Thumb Code     6  stm32f1xx_hal.o(i.HAL_GetTick)
    HAL_IncTick                              0x0800082d   Thumb Code    12  stm32f1xx_hal.o(i.HAL_IncTick)
    HAL_Init                                 0x0800083d   Thumb Code    32  stm32f1xx_hal.o(i.HAL_Init)
    HAL_InitTick                             0x08000861   Thumb Code    58  stm32f1xx_hal.o(i.HAL_InitTick)
    HAL_MspInit                              0x080008a5   Thumb Code    52  stm32f1xx_hal_msp.o(i.HAL_MspInit)
    HAL_NVIC_EnableIRQ                       0x080008e1   Thumb Code    26  stm32f1xx_hal_cortex.o(i.HAL_NVIC_EnableIRQ)
    HAL_NVIC_SetPriority                     0x080008fd   Thumb Code    60  stm32f1xx_hal_cortex.o(i.HAL_NVIC_SetPriority)
    HAL_NVIC_SetPriorityGrouping             0x0800093d   Thumb Code    26  stm32f1xx_hal_cortex.o(i.HAL_NVIC_SetPriorityGrouping)
    HAL_RCC_ClockConfig                      0x08000961   Thumb Code   318  stm32f1xx_hal_rcc.o(i.HAL_RCC_ClockConfig)
    HAL_RCC_GetHCLKFreq                      0x08000ab5   Thumb Code     6  stm32f1xx_hal_rcc.o(i.HAL_RCC_GetHCLKFreq)
    HAL_RCC_GetPCLK1Freq                     0x08000ac1   Thumb Code    22  stm32f1xx_hal_rcc.o(i.HAL_RCC_GetPCLK1Freq)
    HAL_RCC_GetPCLK2Freq                     0x08000ae1   Thumb Code    22  stm32f1xx_hal_rcc.o(i.HAL_RCC_GetPCLK2Freq)
    HAL_RCC_GetSysClockFreq                  0x08000b01   Thumb Code    58  stm32f1xx_hal_rcc.o(i.HAL_RCC_GetSysClockFreq)
    HAL_RCC_OscConfig                        0x08000b4d   Thumb Code   882  stm32f1xx_hal_rcc.o(i.HAL_RCC_OscConfig)
    HAL_SYSTICK_Config                       0x08000ed1   Thumb Code    40  stm32f1xx_hal_cortex.o(i.HAL_SYSTICK_Config)
    HAL_TIMEx_BreakCallback                  0x08000ef9   Thumb Code     2  stm32f1xx_hal_tim_ex.o(i.HAL_TIMEx_BreakCallback)
    HAL_TIMEx_CommutCallback                 0x08000efb   Thumb Code     2  stm32f1xx_hal_tim_ex.o(i.HAL_TIMEx_CommutCallback)
    HAL_TIMEx_ConfigBreakDeadTime            0x08000efd   Thumb Code    84  stm32f1xx_hal_tim_ex.o(i.HAL_TIMEx_ConfigBreakDeadTime)
    HAL_TIMEx_MasterConfigSynchronization    0x08000f51   Thumb Code    90  stm32f1xx_hal_tim_ex.o(i.HAL_TIMEx_MasterConfigSynchronization)
    HAL_TIM_Base_Init                        0x08000fb9   Thumb Code    74  stm32f1xx_hal_tim.o(i.HAL_TIM_Base_Init)
    HAL_TIM_Base_MspInit                     0x08001005   Thumb Code    50  tim.o(i.HAL_TIM_Base_MspInit)
    HAL_TIM_Base_Start_IT                    0x08001041   Thumb Code    86  stm32f1xx_hal_tim.o(i.HAL_TIM_Base_Start_IT)
    HAL_TIM_ConfigClockSource                0x080010a5   Thumb Code   232  stm32f1xx_hal_tim.o(i.HAL_TIM_ConfigClockSource)
    HAL_TIM_IC_CaptureCallback               0x0800118d   Thumb Code     2  stm32f1xx_hal_tim.o(i.HAL_TIM_IC_CaptureCallback)
    HAL_TIM_IRQHandler                       0x0800118f   Thumb Code   366  stm32f1xx_hal_tim.o(i.HAL_TIM_IRQHandler)
    HAL_TIM_MspPostInit                      0x080012fd   Thumb Code   102  tim.o(i.HAL_TIM_MspPostInit)
    HAL_TIM_OC_DelayElapsedCallback          0x08001371   Thumb Code     2  stm32f1xx_hal_tim.o(i.HAL_TIM_OC_DelayElapsedCallback)
    HAL_TIM_PWM_ConfigChannel                0x08001373   Thumb Code   216  stm32f1xx_hal_tim.o(i.HAL_TIM_PWM_ConfigChannel)
    HAL_TIM_PWM_Init                         0x0800144b   Thumb Code    74  stm32f1xx_hal_tim.o(i.HAL_TIM_PWM_Init)
    HAL_TIM_PWM_MspInit                      0x08001495   Thumb Code   140  tim.o(i.HAL_TIM_PWM_MspInit)
    HAL_TIM_PWM_PulseFinishedCallback        0x08001529   Thumb Code     2  stm32f1xx_hal_tim.o(i.HAL_TIM_PWM_PulseFinishedCallback)
    HAL_TIM_PWM_Start                        0x0800152d   Thumb Code   160  stm32f1xx_hal_tim.o(i.HAL_TIM_PWM_Start)
    HAL_TIM_PeriodElapsedCallback            0x080015d9   Thumb Code    84  main.o(i.HAL_TIM_PeriodElapsedCallback)
    HAL_TIM_TriggerCallback                  0x08001655   Thumb Code     2  stm32f1xx_hal_tim.o(i.HAL_TIM_TriggerCallback)
    HAL_UARTEx_RxEventCallback               0x08001657   Thumb Code     2  stm32f1xx_hal_uart.o(i.HAL_UARTEx_RxEventCallback)
    HAL_UART_ErrorCallback                   0x08001659   Thumb Code     2  stm32f1xx_hal_uart.o(i.HAL_UART_ErrorCallback)
    HAL_UART_IRQHandler                      0x0800165d   Thumb Code   554  stm32f1xx_hal_uart.o(i.HAL_UART_IRQHandler)
    HAL_UART_Init                            0x0800188d   Thumb Code   102  stm32f1xx_hal_uart.o(i.HAL_UART_Init)
    HAL_UART_MspInit                         0x080018f5   Thumb Code   170  usart.o(i.HAL_UART_MspInit)
    HAL_UART_Receive_DMA                     0x080019b9   Thumb Code    28  stm32f1xx_hal_uart.o(i.HAL_UART_Receive_DMA)
    HAL_UART_RxCpltCallback                  0x080019d5   Thumb Code   360  main.o(i.HAL_UART_RxCpltCallback)
    HAL_UART_RxHalfCpltCallback              0x08001b81   Thumb Code     2  stm32f1xx_hal_uart.o(i.HAL_UART_RxHalfCpltCallback)
    HAL_UART_TxCpltCallback                  0x08001b83   Thumb Code     2  stm32f1xx_hal_uart.o(i.HAL_UART_TxCpltCallback)
    HardFault_Handler                        0x08001b85   Thumb Code     2  stm32f1xx_it.o(i.HardFault_Handler)
    MX_DMA_Init                              0x08001b89   Thumb Code    40  dma.o(i.MX_DMA_Init)
    MX_GPIO_Init                             0x08001bb5   Thumb Code    70  gpio.o(i.MX_GPIO_Init)
    MX_TIM1_Init                             0x08001c01   Thumb Code   202  tim.o(i.MX_TIM1_Init)
    MX_TIM2_Init                             0x08001cd5   Thumb Code   108  tim.o(i.MX_TIM2_Init)
    MX_TIM3_Init                             0x08001d45   Thumb Code    96  tim.o(i.MX_TIM3_Init)
    MX_USART1_UART_Init                      0x08001dad   Thumb Code    48  usart.o(i.MX_USART1_UART_Init)
    MemManage_Handler                        0x08001de5   Thumb Code     2  stm32f1xx_it.o(i.MemManage_Handler)
    NMI_Handler                              0x08001de7   Thumb Code     2  stm32f1xx_it.o(i.NMI_Handler)
    PendSV_Handler                           0x08001de9   Thumb Code     2  stm32f1xx_it.o(i.PendSV_Handler)
    SVC_Handler                              0x08001e11   Thumb Code     2  stm32f1xx_it.o(i.SVC_Handler)
    Servo_Init                               0x08001e15   Thumb Code    92  servo.o(i.Servo_Init)
    Servo_Set                                0x08001e99   Thumb Code    46  servo.o(i.Servo_Set)
    SysTick_Handler                          0x08001edd   Thumb Code     4  stm32f1xx_it.o(i.SysTick_Handler)
    SystemClock_Config                       0x08001ee1   Thumb Code    94  main.o(i.SystemClock_Config)
    SystemInit                               0x08001f3f   Thumb Code     2  system_stm32f1xx.o(i.SystemInit)
    TIM1_BRK_IRQHandler                      0x08001f41   Thumb Code     6  stm32f1xx_it.o(i.TIM1_BRK_IRQHandler)
    TIM1_CC_IRQHandler                       0x08001f4d   Thumb Code     6  stm32f1xx_it.o(i.TIM1_CC_IRQHandler)
    TIM1_TRG_COM_IRQHandler                  0x08001f59   Thumb Code     6  stm32f1xx_it.o(i.TIM1_TRG_COM_IRQHandler)
    TIM1_UP_IRQHandler                       0x08001f65   Thumb Code     6  stm32f1xx_it.o(i.TIM1_UP_IRQHandler)
    TIM2_IRQHandler                          0x08001f71   Thumb Code     6  stm32f1xx_it.o(i.TIM2_IRQHandler)
    TIM3_IRQHandler                          0x08001f7d   Thumb Code     6  stm32f1xx_it.o(i.TIM3_IRQHandler)
    TIM_Base_SetConfig                       0x08001f89   Thumb Code    94  stm32f1xx_hal_tim.o(i.TIM_Base_SetConfig)
    TIM_CCxChannelCmd                        0x08001ff5   Thumb Code    26  stm32f1xx_hal_tim.o(i.TIM_CCxChannelCmd)
    TIM_ETR_SetConfig                        0x0800200f   Thumb Code    20  stm32f1xx_hal_tim.o(i.TIM_ETR_SetConfig)
    TIM_OC2_SetConfig                        0x08002095   Thumb Code    94  stm32f1xx_hal_tim.o(i.TIM_OC2_SetConfig)
    UART_Start_Receive_DMA                   0x080024e9   Thumb Code   134  stm32f1xx_hal_uart.o(i.UART_Start_Receive_DMA)
    USART1_IRQHandler                        0x080025dd   Thumb Code     6  stm32f1xx_it.o(i.USART1_IRQHandler)
    UsageFault_Handler                       0x080025e9   Thumb Code     2  stm32f1xx_it.o(i.UsageFault_Handler)
    __ARM_fpclassifyf                        0x080025eb   Thumb Code    38  fpclassifyf.o(i.__ARM_fpclassifyf)
    __mathlib_flt_infnan                     0x08002631   Thumb Code     6  funder.o(i.__mathlib_flt_infnan)
    __mathlib_flt_invalid                    0x08002637   Thumb Code     8  funder.o(i.__mathlib_flt_invalid)
    __mathlib_flt_underflow                  0x0800263f   Thumb Code    10  funder.o(i.__mathlib_flt_underflow)
    acosf                                    0x08002649   Thumb Code   242  acosf.o(i.acosf)
    atanf                                    0x08002765   Thumb Code   324  atanf.o(i.atanf)
    caculate                                 0x080028e1   Thumb Code   854  y_kinematics.o(i.caculate)
    main                                     0x08002c79   Thumb Code   346  main.o(i.main)
    setup_kinematics                         0x08002e09   Thumb Code    10  y_kinematics.o(i.setup_kinematics)
    sqrt                                     0x08002e19   Thumb Code    76  sqrt.o(i.sqrt)
    sqrtf                                    0x08002e65   Thumb Code    44  sqrtf.o(i.sqrtf)
    __aeabi_d2f                              0x08002e91   Thumb Code     0  d2f.o(x$fpl$d2f)
    _d2f                                     0x08002e91   Thumb Code    98  d2f.o(x$fpl$d2f)
    __aeabi_dadd                             0x08002ef5   Thumb Code     0  daddsub_clz.o(x$fpl$dadd)
    _dadd                                    0x08002ef5   Thumb Code   332  daddsub_clz.o(x$fpl$dadd)
    __aeabi_d2iz                             0x08003045   Thumb Code     0  dfix.o(x$fpl$dfix)
    _dfix                                    0x08003045   Thumb Code    94  dfix.o(x$fpl$dfix)
    __aeabi_dmul                             0x080030a5   Thumb Code     0  dmul.o(x$fpl$dmul)
    _dmul                                    0x080030a5   Thumb Code   332  dmul.o(x$fpl$dmul)
    __fpl_dnaninf                            0x080031f9   Thumb Code   156  dnaninf.o(x$fpl$dnaninf)
    __fpl_dretinf                            0x08003295   Thumb Code    12  dretinf.o(x$fpl$dretinf)
    __aeabi_drsub                            0x080032a1   Thumb Code     0  daddsub_clz.o(x$fpl$drsb)
    _drsb                                    0x080032a1   Thumb Code    22  daddsub_clz.o(x$fpl$drsb)
    _dsqrt                                   0x080032b9   Thumb Code   456  dsqrt_noumaal.o(x$fpl$dsqrt)
    __aeabi_dsub                             0x08003485   Thumb Code     0  daddsub_clz.o(x$fpl$dsub)
    _dsub                                    0x08003485   Thumb Code   464  daddsub_clz.o(x$fpl$dsub)
    __aeabi_f2d                              0x08003659   Thumb Code     0  f2d.o(x$fpl$f2d)
    _f2d                                     0x08003659   Thumb Code    86  f2d.o(x$fpl$f2d)
    __aeabi_fadd                             0x080036b1   Thumb Code     0  faddsub_clz.o(x$fpl$fadd)
    _fadd                                    0x080036b1   Thumb Code   196  faddsub_clz.o(x$fpl$fadd)
    __fpl_fcheck_NaN1                        0x08003775   Thumb Code     6  fcheck1.o(x$fpl$fcheck1)
    __aeabi_fdiv                             0x08003781   Thumb Code     0  fdiv.o(x$fpl$fdiv)
    _fdiv                                    0x08003781   Thumb Code   384  fdiv.o(x$fpl$fdiv)
    __aeabi_f2iz                             0x08003905   Thumb Code     0  ffix.o(x$fpl$ffix)
    _ffix                                    0x08003905   Thumb Code    54  ffix.o(x$fpl$ffix)
    __aeabi_i2f                              0x0800393d   Thumb Code     0  fflt_clz.o(x$fpl$fflt)
    _fflt                                    0x0800393d   Thumb Code    48  fflt_clz.o(x$fpl$fflt)
    __aeabi_ui2f                             0x0800396d   Thumb Code     0  fflt_clz.o(x$fpl$ffltu)
    _ffltu                                   0x0800396d   Thumb Code    38  fflt_clz.o(x$fpl$ffltu)
    __aeabi_fmul                             0x08003995   Thumb Code     0  fmul.o(x$fpl$fmul)
    _fmul                                    0x08003995   Thumb Code   258  fmul.o(x$fpl$fmul)
    __fpl_fnaninf                            0x08003a97   Thumb Code   140  fnaninf.o(x$fpl$fnaninf)
    __fpl_fretinf                            0x08003b23   Thumb Code    10  fretinf.o(x$fpl$fretinf)
    __aeabi_frsub                            0x08003b2d   Thumb Code     0  faddsub_clz.o(x$fpl$frsb)
    _frsb                                    0x08003b2d   Thumb Code    20  faddsub_clz.o(x$fpl$frsb)
    _fsqrt                                   0x08003b41   Thumb Code   272  fsqrt.o(x$fpl$fsqrt)
    __aeabi_fsub                             0x08003c51   Thumb Code     0  faddsub_clz.o(x$fpl$fsub)
    _fsub                                    0x08003c51   Thumb Code   234  faddsub_clz.o(x$fpl$fsub)
    __fpl_return_NaN                         0x08003d3b   Thumb Code   100  retnan.o(x$fpl$retnan)
    __ARM_scalbnf                            0x08003d9f   Thumb Code    76  scalbnf.o(x$fpl$scalbnf)
    __fpl_cmpreturn                          0x08003deb   Thumb Code    48  trapv.o(x$fpl$trapveneer)
    __I$use$fp                               0x08003e1a   Number         0  usenofp.o(x$fpl$usenofp)
    AHBPrescTable                            0x08003e2c   Data          16  system_stm32f1xx.o(.constdata)
    APBPrescTable                            0x08003e3c   Data           8  system_stm32f1xx.o(.constdata)
    Region$$Table$$Base                      0x08003e44   Number         0  anon$$obj.o(Region$$Table)
    Region$$Table$$Limit                     0x08003e64   Number         0  anon$$obj.o(Region$$Table)
    uwTickFreq                               0x20000000   Data           1  stm32f1xx_hal.o(.data)
    uwTickPrio                               0x20000004   Data           4  stm32f1xx_hal.o(.data)
    uwTick                                   0x20000008   Data           4  stm32f1xx_hal.o(.data)
    SystemCoreClock                          0x2000000c   Data           4  system_stm32f1xx.o(.data)
    x                                        0x20000010   Data           4  variable_includes.o(.data)
    y                                        0x20000014   Data           4  variable_includes.o(.data)
    z                                        0x20000018   Data           4  variable_includes.o(.data)
    tt1                                      0x2000001c   Data           1  variable_includes.o(.data)
    tt2                                      0x2000001d   Data           1  variable_includes.o(.data)
    t                                        0x20000020   Data           4  variable_includes.o(.data)
    X1                                       0x20000024   Data           4  variable_includes.o(.data)
    X2                                       0x20000028   Data           4  variable_includes.o(.data)
    Y1                                       0x2000002c   Data           4  variable_includes.o(.data)
    Y2                                       0x20000030   Data           4  variable_includes.o(.data)
    PWM1                                     0x20000034   Data           4  variable_includes.o(.data)
    PWM2                                     0x20000038   Data           4  variable_includes.o(.data)
    PWM3                                     0x2000003c   Data           4  variable_includes.o(.data)
    PWM4                                     0x20000040   Data           4  variable_includes.o(.data)
    PWM5                                     0x20000044   Data           4  variable_includes.o(.data)
    tx_data                                  0x20000048   Data           1  variable_includes.o(.data)
    htim1                                    0x2000004c   Data          72  tim.o(.bss)
    htim2                                    0x20000094   Data          72  tim.o(.bss)
    htim3                                    0x200000dc   Data          72  tim.o(.bss)
    huart1                                   0x20000124   Data          72  usart.o(.bss)
    hdma_usart1_rx                           0x2000016c   Data          68  usart.o(.bss)
    Position                                 0x200001b0   Data          12  variable_includes.o(.bss)
    rx_data                                  0x200001bc   Data          10  variable_includes.o(.bss)
    kinematics                               0x200001c8   Data          60  variable_includes.o(.bss)
    __libspace_start                         0x20000204   Data          96  libspace.o(.bss)
    __temporary_stack_top$libspace           0x20000264   Data           0  libspace.o(.bss)



==============================================================================

Memory Map of the image

  Image Entry point : 0x080000ed

  Load Region LR_IROM1 (Base: 0x08000000, Size: 0x00003eb0, Max: 0x00010000, ABSOLUTE)

    Execution Region ER_IROM1 (Exec base: 0x08000000, Load base: 0x08000000, Size: 0x00003e64, Max: 0x00010000, ABSOLUTE)

    Exec Addr    Load Addr    Size         Type   Attr      Idx    E Section Name        Object

    0x08000000   0x08000000   0x000000ec   Data   RO            3    RESET               startup_stm32f103xb.o
    0x080000ec   0x080000ec   0x00000008   Code   RO         3050  * !!!main             c_w.l(__main.o)
    0x080000f4   0x080000f4   0x00000034   Code   RO         3325    !!!scatter          c_w.l(__scatter.o)
    0x08000128   0x08000128   0x0000001a   Code   RO         3327    !!handler_copy      c_w.l(__scatter_copy.o)
    0x08000142   0x08000142   0x00000002   PAD
    0x08000144   0x08000144   0x0000001c   Code   RO         3329    !!handler_zi        c_w.l(__scatter_zi.o)
    0x08000160   0x08000160   0x00000002   Code   RO         3196    .ARM.Collect$$libinit$$00000000  c_w.l(libinit.o)
    0x08000162   0x08000162   0x00000000   Code   RO         3202    .ARM.Collect$$libinit$$00000002  c_w.l(libinit2.o)
    0x08000162   0x08000162   0x00000000   Code   RO         3204    .ARM.Collect$$libinit$$00000004  c_w.l(libinit2.o)
    0x08000162   0x08000162   0x00000000   Code   RO         3207    .ARM.Collect$$libinit$$0000000A  c_w.l(libinit2.o)
    0x08000162   0x08000162   0x00000000   Code   RO         3209    .ARM.Collect$$libinit$$0000000C  c_w.l(libinit2.o)
    0x08000162   0x08000162   0x00000000   Code   RO         3211    .ARM.Collect$$libinit$$0000000E  c_w.l(libinit2.o)
    0x08000162   0x08000162   0x00000000   Code   RO         3214    .ARM.Collect$$libinit$$00000011  c_w.l(libinit2.o)
    0x08000162   0x08000162   0x00000000   Code   RO         3216    .ARM.Collect$$libinit$$00000013  c_w.l(libinit2.o)
    0x08000162   0x08000162   0x00000000   Code   RO         3218    .ARM.Collect$$libinit$$00000015  c_w.l(libinit2.o)
    0x08000162   0x08000162   0x00000000   Code   RO         3220    .ARM.Collect$$libinit$$00000017  c_w.l(libinit2.o)
    0x08000162   0x08000162   0x00000000   Code   RO         3222    .ARM.Collect$$libinit$$00000019  c_w.l(libinit2.o)
    0x08000162   0x08000162   0x00000000   Code   RO         3224    .ARM.Collect$$libinit$$0000001B  c_w.l(libinit2.o)
    0x08000162   0x08000162   0x00000000   Code   RO         3226    .ARM.Collect$$libinit$$0000001D  c_w.l(libinit2.o)
    0x08000162   0x08000162   0x00000000   Code   RO         3228    .ARM.Collect$$libinit$$0000001F  c_w.l(libinit2.o)
    0x08000162   0x08000162   0x00000000   Code   RO         3230    .ARM.Collect$$libinit$$00000021  c_w.l(libinit2.o)
    0x08000162   0x08000162   0x00000000   Code   RO         3232    .ARM.Collect$$libinit$$00000023  c_w.l(libinit2.o)
    0x08000162   0x08000162   0x00000000   Code   RO         3234    .ARM.Collect$$libinit$$00000025  c_w.l(libinit2.o)
    0x08000162   0x08000162   0x00000000   Code   RO         3238    .ARM.Collect$$libinit$$0000002C  c_w.l(libinit2.o)
    0x08000162   0x08000162   0x00000000   Code   RO         3240    .ARM.Collect$$libinit$$0000002E  c_w.l(libinit2.o)
    0x08000162   0x08000162   0x00000000   Code   RO         3242    .ARM.Collect$$libinit$$00000030  c_w.l(libinit2.o)
    0x08000162   0x08000162   0x00000000   Code   RO         3244    .ARM.Collect$$libinit$$00000032  c_w.l(libinit2.o)
    0x08000162   0x08000162   0x00000002   Code   RO         3245    .ARM.Collect$$libinit$$00000033  c_w.l(libinit2.o)
    0x08000164   0x08000164   0x00000002   Code   RO         3265    .ARM.Collect$$libshutdown$$00000000  c_w.l(libshutdown.o)
    0x08000166   0x08000166   0x00000000   Code   RO         3278    .ARM.Collect$$libshutdown$$00000002  c_w.l(libshutdown2.o)
    0x08000166   0x08000166   0x00000000   Code   RO         3280    .ARM.Collect$$libshutdown$$00000004  c_w.l(libshutdown2.o)
    0x08000166   0x08000166   0x00000000   Code   RO         3283    .ARM.Collect$$libshutdown$$00000007  c_w.l(libshutdown2.o)
    0x08000166   0x08000166   0x00000000   Code   RO         3286    .ARM.Collect$$libshutdown$$0000000A  c_w.l(libshutdown2.o)
    0x08000166   0x08000166   0x00000000   Code   RO         3288    .ARM.Collect$$libshutdown$$0000000C  c_w.l(libshutdown2.o)
    0x08000166   0x08000166   0x00000000   Code   RO         3291    .ARM.Collect$$libshutdown$$0000000F  c_w.l(libshutdown2.o)
    0x08000166   0x08000166   0x00000002   Code   RO         3292    .ARM.Collect$$libshutdown$$00000010  c_w.l(libshutdown2.o)
    0x08000168   0x08000168   0x00000000   Code   RO         3116    .ARM.Collect$$rtentry$$00000000  c_w.l(__rtentry.o)
    0x08000168   0x08000168   0x00000000   Code   RO         3159    .ARM.Collect$$rtentry$$00000002  c_w.l(__rtentry2.o)
    0x08000168   0x08000168   0x00000006   Code   RO         3171    .ARM.Collect$$rtentry$$00000004  c_w.l(__rtentry4.o)
    0x0800016e   0x0800016e   0x00000000   Code   RO         3161    .ARM.Collect$$rtentry$$00000009  c_w.l(__rtentry2.o)
    0x0800016e   0x0800016e   0x00000004   Code   RO         3162    .ARM.Collect$$rtentry$$0000000A  c_w.l(__rtentry2.o)
    0x08000172   0x08000172   0x00000000   Code   RO         3164    .ARM.Collect$$rtentry$$0000000C  c_w.l(__rtentry2.o)
    0x08000172   0x08000172   0x00000008   Code   RO         3165    .ARM.Collect$$rtentry$$0000000D  c_w.l(__rtentry2.o)
    0x0800017a   0x0800017a   0x00000002   Code   RO         3199    .ARM.Collect$$rtexit$$00000000  c_w.l(rtexit.o)
    0x0800017c   0x0800017c   0x00000000   Code   RO         3247    .ARM.Collect$$rtexit$$00000002  c_w.l(rtexit2.o)
    0x0800017c   0x0800017c   0x00000004   Code   RO         3248    .ARM.Collect$$rtexit$$00000003  c_w.l(rtexit2.o)
    0x08000180   0x08000180   0x00000006   Code   RO         3249    .ARM.Collect$$rtexit$$00000004  c_w.l(rtexit2.o)
    0x08000186   0x08000186   0x00000002   PAD
    0x08000188   0x08000188   0x00000040   Code   RO            4    .text               startup_stm32f103xb.o
    0x080001c8   0x080001c8   0x0000004e   Code   RO         3046    .text               c_w.l(rt_memclr_w.o)
    0x08000216   0x08000216   0x00000006   Code   RO         3048    .text               c_w.l(heapauxi.o)
    0x0800021c   0x0800021c   0x00000016   Code   RO         3117    .text               c_w.l(_rserrno.o)
    0x08000232   0x08000232   0x00000002   PAD
    0x08000234   0x08000234   0x00000008   Code   RO         3176    .text               c_w.l(rt_errno_addr_intlibspace.o)
    0x0800023c   0x0800023c   0x00000008   Code   RO         3184    .text               c_w.l(libspace.o)
    0x08000244   0x08000244   0x0000004a   Code   RO         3187    .text               c_w.l(sys_stackheap_outer.o)
    0x0800028e   0x0800028e   0x00000012   Code   RO         3189    .text               c_w.l(exit.o)
    0x080002a0   0x080002a0   0x0000000c   Code   RO         3257    .text               c_w.l(sys_exit.o)
    0x080002ac   0x080002ac   0x00000002   Code   RO         3268    .text               c_w.l(use_no_semi.o)
    0x080002ae   0x080002ae   0x00000000   Code   RO         3270    .text               c_w.l(indicate_semi.o)
    0x080002ae   0x080002ae   0x00000002   Code   RO          342    i.BusFault_Handler  stm32f1xx_it.o
    0x080002b0   0x080002b0   0x0000000c   Code   RO          343    i.DMA1_Channel5_IRQHandler  stm32f1xx_it.o
    0x080002bc   0x080002bc   0x0000002c   Code   RO         1895    i.DMA_SetConfig     stm32f1xx_hal_dma.o
    0x080002e8   0x080002e8   0x00000002   Code   RO          344    i.DebugMon_Handler  stm32f1xx_it.o
    0x080002ea   0x080002ea   0x00000004   Code   RO           13    i.Error_Handler     main.o
    0x080002ee   0x080002ee   0x00000046   Code   RO         1896    i.HAL_DMA_Abort     stm32f1xx_hal_dma.o
    0x08000334   0x08000334   0x00000098   Code   RO         1897    i.HAL_DMA_Abort_IT  stm32f1xx_hal_dma.o
    0x080003cc   0x080003cc   0x00000168   Code   RO         1901    i.HAL_DMA_IRQHandler  stm32f1xx_hal_dma.o
    0x08000534   0x08000534   0x00000064   Code   RO         1902    i.HAL_DMA_Init      stm32f1xx_hal_dma.o
    0x08000598   0x08000598   0x00000074   Code   RO         1906    i.HAL_DMA_Start_IT  stm32f1xx_hal_dma.o
    0x0800060c   0x0800060c   0x00000024   Code   RO         1517    i.HAL_Delay         stm32f1xx_hal.o
    0x08000630   0x08000630   0x000001f0   Code   RO         1832    i.HAL_GPIO_Init     stm32f1xx_hal_gpio.o
    0x08000820   0x08000820   0x0000000c   Code   RO         1521    i.HAL_GetTick       stm32f1xx_hal.o
    0x0800082c   0x0800082c   0x00000010   Code   RO         1527    i.HAL_IncTick       stm32f1xx_hal.o
    0x0800083c   0x0800083c   0x00000024   Code   RO         1528    i.HAL_Init          stm32f1xx_hal.o
    0x08000860   0x08000860   0x00000044   Code   RO         1529    i.HAL_InitTick      stm32f1xx_hal.o
    0x080008a4   0x080008a4   0x0000003c   Code   RO          466    i.HAL_MspInit       stm32f1xx_hal_msp.o
    0x080008e0   0x080008e0   0x0000001a   Code   RO         1992    i.HAL_NVIC_EnableIRQ  stm32f1xx_hal_cortex.o
    0x080008fa   0x080008fa   0x00000002   PAD
    0x080008fc   0x080008fc   0x00000040   Code   RO         1998    i.HAL_NVIC_SetPriority  stm32f1xx_hal_cortex.o
    0x0800093c   0x0800093c   0x00000024   Code   RO         1999    i.HAL_NVIC_SetPriorityGrouping  stm32f1xx_hal_cortex.o
    0x08000960   0x08000960   0x00000154   Code   RO         1685    i.HAL_RCC_ClockConfig  stm32f1xx_hal_rcc.o
    0x08000ab4   0x08000ab4   0x0000000c   Code   RO         1690    i.HAL_RCC_GetHCLKFreq  stm32f1xx_hal_rcc.o
    0x08000ac0   0x08000ac0   0x00000020   Code   RO         1692    i.HAL_RCC_GetPCLK1Freq  stm32f1xx_hal_rcc.o
    0x08000ae0   0x08000ae0   0x00000020   Code   RO         1693    i.HAL_RCC_GetPCLK2Freq  stm32f1xx_hal_rcc.o
    0x08000b00   0x08000b00   0x0000004c   Code   RO         1694    i.HAL_RCC_GetSysClockFreq  stm32f1xx_hal_rcc.o
    0x08000b4c   0x08000b4c   0x00000384   Code   RO         1697    i.HAL_RCC_OscConfig  stm32f1xx_hal_rcc.o
    0x08000ed0   0x08000ed0   0x00000028   Code   RO         2003    i.HAL_SYSTICK_Config  stm32f1xx_hal_cortex.o
    0x08000ef8   0x08000ef8   0x00000002   Code   RO         1243    i.HAL_TIMEx_BreakCallback  stm32f1xx_hal_tim_ex.o
    0x08000efa   0x08000efa   0x00000002   Code   RO         1244    i.HAL_TIMEx_CommutCallback  stm32f1xx_hal_tim_ex.o
    0x08000efc   0x08000efc   0x00000054   Code   RO         1246    i.HAL_TIMEx_ConfigBreakDeadTime  stm32f1xx_hal_tim_ex.o
    0x08000f50   0x08000f50   0x00000068   Code   RO         1262    i.HAL_TIMEx_MasterConfigSynchronization  stm32f1xx_hal_tim_ex.o
    0x08000fb8   0x08000fb8   0x0000004a   Code   RO          528    i.HAL_TIM_Base_Init  stm32f1xx_hal_tim.o
    0x08001002   0x08001002   0x00000002   PAD
    0x08001004   0x08001004   0x0000003c   Code   RO          229    i.HAL_TIM_Base_MspInit  tim.o
    0x08001040   0x08001040   0x00000064   Code   RO          533    i.HAL_TIM_Base_Start_IT  stm32f1xx_hal_tim.o
    0x080010a4   0x080010a4   0x000000e8   Code   RO          537    i.HAL_TIM_ConfigClockSource  stm32f1xx_hal_tim.o
    0x0800118c   0x0800118c   0x00000002   Code   RO          562    i.HAL_TIM_IC_CaptureCallback  stm32f1xx_hal_tim.o
    0x0800118e   0x0800118e   0x0000016e   Code   RO          576    i.HAL_TIM_IRQHandler  stm32f1xx_hal_tim.o
    0x080012fc   0x080012fc   0x00000074   Code   RO          230    i.HAL_TIM_MspPostInit  tim.o
    0x08001370   0x08001370   0x00000002   Code   RO          579    i.HAL_TIM_OC_DelayElapsedCallback  stm32f1xx_hal_tim.o
    0x08001372   0x08001372   0x000000d8   Code   RO          600    i.HAL_TIM_PWM_ConfigChannel  stm32f1xx_hal_tim.o
    0x0800144a   0x0800144a   0x0000004a   Code   RO          603    i.HAL_TIM_PWM_Init  stm32f1xx_hal_tim.o
    0x08001494   0x08001494   0x00000094   Code   RO          232    i.HAL_TIM_PWM_MspInit  tim.o
    0x08001528   0x08001528   0x00000002   Code   RO          606    i.HAL_TIM_PWM_PulseFinishedCallback  stm32f1xx_hal_tim.o
    0x0800152a   0x0800152a   0x00000002   PAD
    0x0800152c   0x0800152c   0x000000ac   Code   RO          608    i.HAL_TIM_PWM_Start  stm32f1xx_hal_tim.o
    0x080015d8   0x080015d8   0x0000007c   Code   RO           14    i.HAL_TIM_PeriodElapsedCallback  main.o
    0x08001654   0x08001654   0x00000002   Code   RO          619    i.HAL_TIM_TriggerCallback  stm32f1xx_hal_tim.o
    0x08001656   0x08001656   0x00000002   Code   RO         2525    i.HAL_UARTEx_RxEventCallback  stm32f1xx_hal_uart.o
    0x08001658   0x08001658   0x00000002   Code   RO         2539    i.HAL_UART_ErrorCallback  stm32f1xx_hal_uart.o
    0x0800165a   0x0800165a   0x00000002   PAD
    0x0800165c   0x0800165c   0x00000230   Code   RO         2542    i.HAL_UART_IRQHandler  stm32f1xx_hal_uart.o
    0x0800188c   0x0800188c   0x00000066   Code   RO         2543    i.HAL_UART_Init     stm32f1xx_hal_uart.o
    0x080018f2   0x080018f2   0x00000002   PAD
    0x080018f4   0x080018f4   0x000000c4   Code   RO          301    i.HAL_UART_MspInit  usart.o
    0x080019b8   0x080019b8   0x0000001c   Code   RO         2547    i.HAL_UART_Receive_DMA  stm32f1xx_hal_uart.o
    0x080019d4   0x080019d4   0x000001ac   Code   RO           15    i.HAL_UART_RxCpltCallback  main.o
    0x08001b80   0x08001b80   0x00000002   Code   RO         2550    i.HAL_UART_RxHalfCpltCallback  stm32f1xx_hal_uart.o
    0x08001b82   0x08001b82   0x00000002   Code   RO         2554    i.HAL_UART_TxCpltCallback  stm32f1xx_hal_uart.o
    0x08001b84   0x08001b84   0x00000002   Code   RO          345    i.HardFault_Handler  stm32f1xx_it.o
    0x08001b86   0x08001b86   0x00000002   PAD
    0x08001b88   0x08001b88   0x0000002c   Code   RO          204    i.MX_DMA_Init       dma.o
    0x08001bb4   0x08001bb4   0x0000004c   Code   RO          180    i.MX_GPIO_Init      gpio.o
    0x08001c00   0x08001c00   0x000000d4   Code   RO          233    i.MX_TIM1_Init      tim.o
    0x08001cd4   0x08001cd4   0x00000070   Code   RO          234    i.MX_TIM2_Init      tim.o
    0x08001d44   0x08001d44   0x00000068   Code   RO          235    i.MX_TIM3_Init      tim.o
    0x08001dac   0x08001dac   0x00000038   Code   RO          302    i.MX_USART1_UART_Init  usart.o
    0x08001de4   0x08001de4   0x00000002   Code   RO          346    i.MemManage_Handler  stm32f1xx_it.o
    0x08001de6   0x08001de6   0x00000002   Code   RO          347    i.NMI_Handler       stm32f1xx_it.o
    0x08001de8   0x08001de8   0x00000002   Code   RO          348    i.PendSV_Handler    stm32f1xx_it.o
    0x08001dea   0x08001dea   0x00000002   PAD
    0x08001dec   0x08001dec   0x00000024   Code   RO         1698    i.RCC_Delay         stm32f1xx_hal_rcc.o
    0x08001e10   0x08001e10   0x00000002   Code   RO          349    i.SVC_Handler       stm32f1xx_it.o
    0x08001e12   0x08001e12   0x00000002   PAD
    0x08001e14   0x08001e14   0x00000084   Code   RO         2924    i.Servo_Init        servo.o
    0x08001e98   0x08001e98   0x00000044   Code   RO         2925    i.Servo_Set         servo.o
    0x08001edc   0x08001edc   0x00000004   Code   RO          350    i.SysTick_Handler   stm32f1xx_it.o
    0x08001ee0   0x08001ee0   0x0000005e   Code   RO           16    i.SystemClock_Config  main.o
    0x08001f3e   0x08001f3e   0x00000002   Code   RO         2887    i.SystemInit        system_stm32f1xx.o
    0x08001f40   0x08001f40   0x0000000c   Code   RO          351    i.TIM1_BRK_IRQHandler  stm32f1xx_it.o
    0x08001f4c   0x08001f4c   0x0000000c   Code   RO          352    i.TIM1_CC_IRQHandler  stm32f1xx_it.o
    0x08001f58   0x08001f58   0x0000000c   Code   RO          353    i.TIM1_TRG_COM_IRQHandler  stm32f1xx_it.o
    0x08001f64   0x08001f64   0x0000000c   Code   RO          354    i.TIM1_UP_IRQHandler  stm32f1xx_it.o
    0x08001f70   0x08001f70   0x0000000c   Code   RO          355    i.TIM2_IRQHandler   stm32f1xx_it.o
    0x08001f7c   0x08001f7c   0x0000000c   Code   RO          356    i.TIM3_IRQHandler   stm32f1xx_it.o
    0x08001f88   0x08001f88   0x0000006c   Code   RO          621    i.TIM_Base_SetConfig  stm32f1xx_hal_tim.o
    0x08001ff4   0x08001ff4   0x0000001a   Code   RO          622    i.TIM_CCxChannelCmd  stm32f1xx_hal_tim.o
    0x0800200e   0x0800200e   0x00000014   Code   RO          632    i.TIM_ETR_SetConfig  stm32f1xx_hal_tim.o
    0x08002022   0x08002022   0x00000010   Code   RO          633    i.TIM_ITRx_SetConfig  stm32f1xx_hal_tim.o
    0x08002032   0x08002032   0x00000002   PAD
    0x08002034   0x08002034   0x00000060   Code   RO          634    i.TIM_OC1_SetConfig  stm32f1xx_hal_tim.o
    0x08002094   0x08002094   0x00000064   Code   RO          635    i.TIM_OC2_SetConfig  stm32f1xx_hal_tim.o
    0x080020f8   0x080020f8   0x00000060   Code   RO          636    i.TIM_OC3_SetConfig  stm32f1xx_hal_tim.o
    0x08002158   0x08002158   0x00000048   Code   RO          637    i.TIM_OC4_SetConfig  stm32f1xx_hal_tim.o
    0x080021a0   0x080021a0   0x00000022   Code   RO          639    i.TIM_TI1_ConfigInputStage  stm32f1xx_hal_tim.o
    0x080021c2   0x080021c2   0x00000024   Code   RO          641    i.TIM_TI2_ConfigInputStage  stm32f1xx_hal_tim.o
    0x080021e6   0x080021e6   0x00000010   Code   RO         2556    i.UART_DMAAbortOnError  stm32f1xx_hal_uart.o
    0x080021f6   0x080021f6   0x0000004a   Code   RO         2557    i.UART_DMAError     stm32f1xx_hal_uart.o
    0x08002240   0x08002240   0x00000086   Code   RO         2558    i.UART_DMAReceiveCplt  stm32f1xx_hal_uart.o
    0x080022c6   0x080022c6   0x0000001e   Code   RO         2560    i.UART_DMARxHalfCplt  stm32f1xx_hal_uart.o
    0x080022e4   0x080022e4   0x0000004e   Code   RO         2566    i.UART_EndRxTransfer  stm32f1xx_hal_uart.o
    0x08002332   0x08002332   0x0000001a   Code   RO         2567    i.UART_EndTransmit_IT  stm32f1xx_hal_uart.o
    0x0800234c   0x0800234c   0x0000001c   Code   RO         2568    i.UART_EndTxTransfer  stm32f1xx_hal_uart.o
    0x08002368   0x08002368   0x000000c8   Code   RO         2569    i.UART_Receive_IT   stm32f1xx_hal_uart.o
    0x08002430   0x08002430   0x000000b8   Code   RO         2570    i.UART_SetConfig    stm32f1xx_hal_uart.o
    0x080024e8   0x080024e8   0x00000094   Code   RO         2571    i.UART_Start_Receive_DMA  stm32f1xx_hal_uart.o
    0x0800257c   0x0800257c   0x0000005e   Code   RO         2573    i.UART_Transmit_IT  stm32f1xx_hal_uart.o
    0x080025da   0x080025da   0x00000002   PAD
    0x080025dc   0x080025dc   0x0000000c   Code   RO          357    i.USART1_IRQHandler  stm32f1xx_it.o
    0x080025e8   0x080025e8   0x00000002   Code   RO          358    i.UsageFault_Handler  stm32f1xx_it.o
    0x080025ea   0x080025ea   0x00000026   Code   RO         3134    i.__ARM_fpclassifyf  m_ws.l(fpclassifyf.o)
    0x08002610   0x08002610   0x00000020   Code   RO         2005    i.__NVIC_SetPriority  stm32f1xx_hal_cortex.o
    0x08002630   0x08002630   0x00000006   Code   RO         3137    i.__mathlib_flt_infnan  m_ws.l(funder.o)
    0x08002636   0x08002636   0x00000008   Code   RO         3139    i.__mathlib_flt_invalid  m_ws.l(funder.o)
    0x0800263e   0x0800263e   0x0000000a   Code   RO         3142    i.__mathlib_flt_underflow  m_ws.l(funder.o)
    0x08002648   0x08002648   0x0000011c   Code   RO         3093    i.acosf             m_ws.l(acosf.o)
    0x08002764   0x08002764   0x0000017c   Code   RO         3101    i.atanf             m_ws.l(atanf.o)
    0x080028e0   0x080028e0   0x00000398   Code   RO         3015    i.caculate          y_kinematics.o
    0x08002c78   0x08002c78   0x00000190   Code   RO           17    i.main              main.o
    0x08002e08   0x08002e08   0x00000010   Code   RO         3016    i.setup_kinematics  y_kinematics.o
    0x08002e18   0x08002e18   0x0000004c   Code   RO         3109    i.sqrt              m_ws.l(sqrt.o)
    0x08002e64   0x08002e64   0x0000002c   Code   RO         3151    i.sqrtf             m_ws.l(sqrtf.o)
    0x08002e90   0x08002e90   0x00000062   Code   RO         3052    x$fpl$d2f           fz_ws.l(d2f.o)
    0x08002ef2   0x08002ef2   0x00000002   PAD
    0x08002ef4   0x08002ef4   0x00000150   Code   RO         3054    x$fpl$dadd          fz_ws.l(daddsub_clz.o)
    0x08003044   0x08003044   0x0000005e   Code   RO         3060    x$fpl$dfix          fz_ws.l(dfix.o)
    0x080030a2   0x080030a2   0x00000002   PAD
    0x080030a4   0x080030a4   0x00000154   Code   RO         3064    x$fpl$dmul          fz_ws.l(dmul.o)
    0x080031f8   0x080031f8   0x0000009c   Code   RO         3121    x$fpl$dnaninf       fz_ws.l(dnaninf.o)
    0x08003294   0x08003294   0x0000000c   Code   RO         3123    x$fpl$dretinf       fz_ws.l(dretinf.o)
    0x080032a0   0x080032a0   0x00000016   Code   RO         3055    x$fpl$drsb          fz_ws.l(daddsub_clz.o)
    0x080032b6   0x080032b6   0x00000002   PAD
    0x080032b8   0x080032b8   0x000001cc   Code   RO         3125    x$fpl$dsqrt         fz_ws.l(dsqrt_noumaal.o)
    0x08003484   0x08003484   0x000001d4   Code   RO         3056    x$fpl$dsub          fz_ws.l(daddsub_clz.o)
    0x08003658   0x08003658   0x00000056   Code   RO         3066    x$fpl$f2d           fz_ws.l(f2d.o)
    0x080036ae   0x080036ae   0x00000002   PAD
    0x080036b0   0x080036b0   0x000000c4   Code   RO         3068    x$fpl$fadd          fz_ws.l(faddsub_clz.o)
    0x08003774   0x08003774   0x0000000c   Code   RO         3127    x$fpl$fcheck1       fz_ws.l(fcheck1.o)
    0x08003780   0x08003780   0x00000184   Code   RO         3075    x$fpl$fdiv          fz_ws.l(fdiv.o)
    0x08003904   0x08003904   0x00000036   Code   RO         3078    x$fpl$ffix          fz_ws.l(ffix.o)
    0x0800393a   0x0800393a   0x00000002   PAD
    0x0800393c   0x0800393c   0x00000030   Code   RO         3083    x$fpl$fflt          fz_ws.l(fflt_clz.o)
    0x0800396c   0x0800396c   0x00000026   Code   RO         3082    x$fpl$ffltu         fz_ws.l(fflt_clz.o)
    0x08003992   0x08003992   0x00000002   PAD
    0x08003994   0x08003994   0x00000102   Code   RO         3088    x$fpl$fmul          fz_ws.l(fmul.o)
    0x08003a96   0x08003a96   0x0000008c   Code   RO         3129    x$fpl$fnaninf       fz_ws.l(fnaninf.o)
    0x08003b22   0x08003b22   0x0000000a   Code   RO         3131    x$fpl$fretinf       fz_ws.l(fretinf.o)
    0x08003b2c   0x08003b2c   0x00000014   Code   RO         3069    x$fpl$frsb          fz_ws.l(faddsub_clz.o)
    0x08003b40   0x08003b40   0x00000110   Code   RO         3180    x$fpl$fsqrt         fz_ws.l(fsqrt.o)
    0x08003c50   0x08003c50   0x000000ea   Code   RO         3070    x$fpl$fsub          fz_ws.l(faddsub_clz.o)
    0x08003d3a   0x08003d3a   0x00000064   Code   RO         3182    x$fpl$retnan        fz_ws.l(retnan.o)
    0x08003d9e   0x08003d9e   0x0000004c   Code   RO         3090    x$fpl$scalbnf       fz_ws.l(scalbnf.o)
    0x08003dea   0x08003dea   0x00000030   Code   RO         3197    x$fpl$trapveneer    fz_ws.l(trapv.o)
    0x08003e1a   0x08003e1a   0x00000000   Code   RO         3133    x$fpl$usenofp       fz_ws.l(usenofp.o)
    0x08003e1a   0x08003e1a   0x00000012   Data   RO         1699    .constdata          stm32f1xx_hal_rcc.o
    0x08003e2c   0x08003e2c   0x00000010   Data   RO         2888    .constdata          system_stm32f1xx.o
    0x08003e3c   0x08003e3c   0x00000008   Data   RO         2889    .constdata          system_stm32f1xx.o
    0x08003e44   0x08003e44   0x00000020   Data   RO         3323    Region$$Table       anon$$obj.o


    Execution Region RW_IRAM1 (Exec base: 0x20000000, Load base: 0x08003e64, Size: 0x00000868, Max: 0x00005000, ABSOLUTE)

    Exec Addr    Load Addr    Size         Type   Attr      Idx    E Section Name        Object

    0x20000000   0x08003e64   0x0000000c   Data   RW         1535    .data               stm32f1xx_hal.o
    0x2000000c   0x08003e70   0x00000004   Data   RW         2890    .data               system_stm32f1xx.o
    0x20000010   0x08003e74   0x00000004   Data   RW         2967    .data               variable_includes.o
    0x20000014   0x08003e78   0x00000004   Data   RW         2968    .data               variable_includes.o
    0x20000018   0x08003e7c   0x00000004   Data   RW         2969    .data               variable_includes.o
    0x2000001c   0x08003e80   0x00000001   Data   RW         2972    .data               variable_includes.o
    0x2000001d   0x08003e81   0x00000001   Data   RW         2973    .data               variable_includes.o
    0x2000001e   0x08003e82   0x00000002   PAD
    0x20000020   0x08003e84   0x00000004   Data   RW         2974    .data               variable_includes.o
    0x20000024   0x08003e88   0x00000004   Data   RW         2977    .data               variable_includes.o
    0x20000028   0x08003e8c   0x00000004   Data   RW         2978    .data               variable_includes.o
    0x2000002c   0x08003e90   0x00000004   Data   RW         2979    .data               variable_includes.o
    0x20000030   0x08003e94   0x00000004   Data   RW         2980    .data               variable_includes.o
    0x20000034   0x08003e98   0x00000004   Data   RW         2981    .data               variable_includes.o
    0x20000038   0x08003e9c   0x00000004   Data   RW         2982    .data               variable_includes.o
    0x2000003c   0x08003ea0   0x00000004   Data   RW         2983    .data               variable_includes.o
    0x20000040   0x08003ea4   0x00000004   Data   RW         2984    .data               variable_includes.o
    0x20000044   0x08003ea8   0x00000004   Data   RW         2985    .data               variable_includes.o
    0x20000048   0x08003eac   0x00000001   Data   RW         2990    .data               variable_includes.o
    0x20000049   0x08003ead   0x00000003   PAD
    0x2000004c        -       0x000000d8   Zero   RW          236    .bss                tim.o
    0x20000124        -       0x0000008c   Zero   RW          303    .bss                usart.o
    0x200001b0        -       0x0000000c   Zero   RW         2964    .bss                variable_includes.o
    0x200001bc        -       0x0000000a   Zero   RW         2965    .bss                variable_includes.o
    0x200001c6   0x08003ead   0x00000002   PAD
    0x200001c8        -       0x0000003c   Zero   RW         2966    .bss                variable_includes.o
    0x20000204        -       0x00000060   Zero   RW         3185    .bss                c_w.l(libspace.o)
    0x20000264   0x08003ead   0x00000004   PAD
    0x20000268        -       0x00000200   Zero   RW            2    HEAP                startup_stm32f103xb.o
    0x20000468        -       0x00000400   Zero   RW            1    STACK               startup_stm32f103xb.o


==============================================================================

Image component sizes


      Code (inc. data)   RO Data    RW Data    ZI Data      Debug   Object Name

        44          4          0          0          0        738   dma.o
        76          6          0          0          0        831   gpio.o
      1050        162          0          0          0     428830   main.o
       200         62          0          0          0        913   servo.o
        64         26        236          0       1536        804   startup_stm32f103xb.o
       168         28          0         12          0       5841   stm32f1xx_hal.o
       198         14          0          0          0      28991   stm32f1xx_hal_cortex.o
       842         38          0          0          0       4990   stm32f1xx_hal_dma.o
       496         32          0          0          0       2152   stm32f1xx_hal_gpio.o
        60          8          0          0          0        878   stm32f1xx_hal_msp.o
      1428         90         18          0          0       6536   stm32f1xx_hal_rcc.o
      1846         60          0          0          0      15366   stm32f1xx_hal_tim.o
       192         14          0          0          0       3225   stm32f1xx_hal_tim_ex.o
      1710         26          0          0          0      13232   stm32f1xx_hal_uart.o
       116         48          0          0          0       7231   stm32f1xx_it.o
         2          0         24          4          0       1095   system_stm32f1xx.o
       752         54          0          0        216       4340   tim.o
       252         34          0          0        140       1805   usart.o
         0          0          0         55         82       1893   variable_includes.o
       936         72          0          0          0       1542   y_kinematics.o

    ----------------------------------------------------------------------
     10452        778        310         76       1976     531233   Object Totals
         0          0         32          0          0          0   (incl. Generated)
        20          0          0          5          2          0   (incl. Padding)

    ----------------------------------------------------------------------

      Code (inc. data)   RO Data    RW Data    ZI Data      Debug   Library Member Name

         8          0          0          0          0         68   __main.o
         0          0          0          0          0          0   __rtentry.o
        12          0          0          0          0          0   __rtentry2.o
         6          0          0          0          0          0   __rtentry4.o
        52          8          0          0          0          0   __scatter.o
        26          0          0          0          0          0   __scatter_copy.o
        28          0          0          0          0          0   __scatter_zi.o
        22          0          0          0          0        100   _rserrno.o
        18          0          0          0          0         80   exit.o
         6          0          0          0          0        152   heapauxi.o
         0          0          0          0          0          0   indicate_semi.o
         2          0          0          0          0          0   libinit.o
         2          0          0          0          0          0   libinit2.o
         2          0          0          0          0          0   libshutdown.o
         2          0          0          0          0          0   libshutdown2.o
         8          4          0          0         96         68   libspace.o
         8          4          0          0          0         68   rt_errno_addr_intlibspace.o
        78          0          0          0          0         80   rt_memclr_w.o
         2          0          0          0          0          0   rtexit.o
        10          0          0          0          0          0   rtexit2.o
        12          4          0          0          0         68   sys_exit.o
        74          0          0          0          0         80   sys_stackheap_outer.o
         2          0          0          0          0         68   use_no_semi.o
        98          4          0          0          0         92   d2f.o
       826         16          0          0          0        348   daddsub_clz.o
        94          4          0          0          0         92   dfix.o
       340         12          0          0          0        104   dmul.o
       156          4          0          0          0         92   dnaninf.o
        12          0          0          0          0         68   dretinf.o
       460         56          0          0          0        120   dsqrt_noumaal.o
        86          4          0          0          0         84   f2d.o
       450          8          0          0          0        236   faddsub_clz.o
        12          4          0          0          0         68   fcheck1.o
       388         76          0          0          0         96   fdiv.o
        54          4          0          0          0         84   ffix.o
        86          0          0          0          0        136   fflt_clz.o
       258          4          0          0          0         84   fmul.o
       140          4          0          0          0         84   fnaninf.o
        10          0          0          0          0         68   fretinf.o
       272        100          0          0          0         88   fsqrt.o
       100          0          0          0          0         68   retnan.o
        76          0          0          0          0         68   scalbnf.o
        48          0          0          0          0         68   trapv.o
         0          0          0          0          0          0   usenofp.o
       284         42          0          0          0        120   acosf.o
       380         56          0          0          0        108   atanf.o
        38          0          0          0          0         68   fpclassifyf.o
        24          0          0          0          0        204   funder.o
        76          0          0          0          0         84   sqrt.o
        44          0          0          0          0         80   sqrtf.o

    ----------------------------------------------------------------------
      5210        418          0          0        100       3644   Library Totals
        18          0          0          0          4          0   (incl. Padding)

    ----------------------------------------------------------------------

      Code (inc. data)   RO Data    RW Data    ZI Data      Debug   Library Name

       380         20          0          0         96        832   c_w.l
      3966        300          0          0          0       2148   fz_ws.l
       846         98          0          0          0        664   m_ws.l

    ----------------------------------------------------------------------
      5210        418          0          0        100       3644   Library Totals

    ----------------------------------------------------------------------

==============================================================================


      Code (inc. data)   RO Data    RW Data    ZI Data      Debug   

     15662       1196        310         76       2076     527645   Grand Totals
     15662       1196        310         76       2076     527645   ELF Image Totals
     15662       1196        310         76          0          0   ROM Totals

==============================================================================

    Total RO  Size (Code + RO Data)                15972 (  15.60kB)
    Total RW  Size (RW Data + ZI Data)              2152 (   2.10kB)
    Total ROM Size (Code + RO Data + RW Data)      16048 (  15.67kB)

==============================================================================

